L o r e m   i p s u m   d o l o r   s i t   a m e t ,   c o n s e c t e t u r   a d i p i s c i n g   e l i t .   M a u r i s   c o n s e c t e t u r   e n i m

a t   f e l i s   v o l u t p a t   r u t r u m .   P e l l e n t e s q u e   i d   f e l i s   p e l l e n t e s q u e ,   c o n s e q u a t   d i a m

e u i s m o d ,   m a x i m u s   e n i m .   C r a s   n o n   d i a m   v i t a e   p u r u s   c o n v a l l i s   a l i q u a m   i n   q u i s

l i b e r o .   P r a e s e n t   v e n e n a t i s   v i v e r r a   n i s l .   S u s p e n d i s s e   s u s c i p i t   m o l e s t i e

m a t t i s .   S e d   e g e t   v e l i t   d i g n i s s i m ,   m a x i m u s   m i   v e l ,   f i n i b u s   s e m .   A l i q u a m   i d

e u i s m o d   d o l o r .   C u r a b i t u r   u t   m o l e s t i e   n u n c .   S e d   f a u c i b u s   l u c t u s   d i a m ,   s i t   a m e t

g r a v i d a   u r n a   c o n g u e   s e m p e r .   A e n e a n   f e u g i a t   d u i   a c   l e c t u s   m o l e s t i e   v i v e r r a .   O r c i

v a r i u s   n a t o q u e   p e n a t i b u s   e t   m a g n i s   d i s   p a r t u r i e n t   m o n t e s ,   n a s c e t u r   r i d i c u l u s

m u s .



N a m   d a p i b u s ,   n u n c   n o n   g r a v i d a   p u l v i n a r ,   s a p i e n   r i s u s   v e n e n a t i s   u r n a ,   p h a r e t r a

m a l e s u a d a   l i g u l a   o d i o   i d   a n t e .   A e n e a n   u l l a m c o r p e r   e r o s   e r o s ,   q u i s   t e m p u s   j u s t o

s u s c i p i t   u t .   A e n e a n   s a g i t t i s   l e o   n e c   t o r t o r   s u s c i p i t ,   q u i s   e f f i c i t u r   l e o

a l i q u e t .   S u s p e n d i s s e   a   d i c t u m   m a s s a .   P r o i n   v e n e n a t i s   m a t t i s   e r a t ,   a c   p o r t t i t o r

m i   a l i q u a m   i d .   E t i a m   c o n s e c t e t u r   t e m p u s   c u r s u s .   A l i q u a m   v e l   m a s s a   v e n e n a t i s ,

i m p e r d i e t   o d i o   c o n s e q u a t ,   s o d a l e s   s a p i e n .   U t   h e n d r e r i t   n e q u e   a c   s a p i e n

s o l l i c i t u d i n ,   n o n   v a r i u s   m a g n a   s u s c i p i t .   N u n c   u l t r i c i e s   p u r u s   n e c   e u i s m o d

d a p i b u s .



N u l l a m   t i n c i d u n t   s a g i t t i s   e n i m ,   u t   c o n s e c t e t u r   e r a t   u l l a m c o r p e r   a t .   D u i s   m o l l i s

c o n g u e   t e l l u s ,   i n   i m p e r d i e t   t o r t o r .   N u l l a m   d a p i b u s ,   q u a m   s i t   a m e t   c o n d i m e n t u m

v e h i c u l a ,   d u i   l i g u l a   v a r i u s   l i g u l a ,   a   a c c u m s a n   n u n c   a n t e   q u i s

m a s s a .   P e l l e n t e s q u e   i n   d i g n i s s i m   t o r t o r .   M a e c e n a s   e l i t   n u n c ,   p o s u e r e   s e d

p l a c e r a t   u t ,   f e u g i a t   q u i s   j u s t o .   D u i s   s o d a l e s   f e l i s   n o n   m a s s a   a u c t o r

a c c u m s a n .   N u l l a m   s i t   a m e t   d i a m   v e h i c u l a ,   u l t r i c e s   d o l o r   v i t a e ,   v e h i c u l a

e r o s .   P h a s e l l u s   p o r t t i t o r   d i a m   e g e s t a s   r i s u s   v o l u t p a t ,   e u   e f f i c i t u r   e x

f e u g i a t .   S u s p e n d i s s e   s i t   a m e t   m e t u s   p u r u s .   S e d   p l a c e r a t   v o l u t p a t   e r o s .



Q u i s q u e   e t   t e m p o r   q u a m ,   a c   t i n c i d u n t   m i .   F u s c e   l o b o r t i s   m i   d o l o r .   S u s p e n d i s s e

b l a n d i t   r i s u s   b l a n d i t ,   m o l e s t i e   a r c u   s i t   a m e t ,   m a l e s u a d a   m i .   A l i q u a m   m a x i m u s

e l e i f e n d   e n i m ,   l o b o r t i s   v a r i u s   m i   m a t t i s   v i t a e .   I n t e g e r   v e n e n a t i s   d i g n i s s i m   q u a m

n o n   r u t r u m .   I n t e g e r   c o n v a l l i s   v i t a e   d o l o r   n e c   v e s t i b u l u m .   A l i q u a m   a   t e m p o r

n i b h .   N u l l a   e l e m e n t u m   d i a m   q u i s   m i   l a c i n i a   p r e t i u m .   A l i q u a m   s u s c i p i t   d o l o r   d i a m ,

a   b i b e n d u m   d i a m   l o b o r t i s   n e c .   P r o i n   e r o s   l a c u s ,   p o s u e r e   a t   v e l i t   i d ,   u l t r i c i e s

t e m p o r   l a c u s .



M a e c e n a s   n e c   b l a n d i t   l e c t u s .   U t   p h a r e t r a   e s t   s i t   a m e t   b l a n d i t   p h a r e t r a .   D o n e c

f a u c i b u s   a c   m a g n a   v o l u t p a t   v o l u t p a t .   V i v a m u s   c o n d i m e n t u m   n u n c   e g e t   c u r s u s

v i v e r r a .   V i v a m u s   a c   a u g u e   i n   l e o   s u s c i p i t   c o m m o d o   i d   e g e t   a n t e .   M a e c e n a s

m o l e s t i e ,   l e o   e t   f e r m e n t u m   r h o n c u s ,   m a g n a   e n i m   s o d a l e s   o r c i ,   e u   m o l e s t i e   n u n c

e l i t   a   p u r u s .   N a m   u l t r i c i e s   s o l l i c i t u d i n   m a s s a ,   v e l   m a l e s u a d a   r i s u s   c o n v a l l i s

n e c .   F u s c e   s o l l i c i t u d i n ,   j u s t o   n o n   l a c i n i a   t e m p u s ,   m e t u s   l o r e m   u l t r i c e s   j u s t o ,

a t   g r a v i d a   o r c i   m a s s a   i n   n e q u e .   E t i a m   e g e t   m a t t i s   u r n a .   C u r a b i t u r   l o b o r t i s

p o s u e r e   e x   a c   s a g i t t i s .



I n   v e l   n i b h   m i .   I n t e g e r   u l t r i c i e s   a   d i a m   a t   p r e t i u m .   N u n c   i n   c o n s e q u a t

d i a m .   P e l l e n t e s q u e   h a b i t a n t   m o r b i   t r i s t i q u e   s e n e c t u s   e t   n e t u s   e t   m a l e s u a d a   f a m e s

a c   t u r p i s   e g e s t a s .   S e d   s a g i t t i s   t e m p u s   f i n i b u s .   N u n c   e u   p h a r e t r a   m a u r i s .   E t i a m

g r a v i d a   a c c u m s a n   l i b e r o   a t   t r i s t i q u e .   N a m   n o n   s a p i e n   l u c t u s ,   f r i n g i l l a   m e t u s

s e d ,   a l i q u a m   t u r p i s .   P r a e s e n t   n e c   a c c u m s a n   m a g n a .   M a e c e n a s   d i a m   e n i m ,   m a l e s u a d a

a   c o n g u e   v e l ,   v i v e r r a   a c   l i b e r o .   V e s t i b u l u m   p o s u e r e   n e c   t u r p i s   g r a v i d a

m a t t i s .   M a u r i s   q u a m   u r n a ,   a c c u m s a n   q u i s   o d i o   u t ,   t e m p u s   e g e s t a s   d o l o r .



M a u r i s   e u i s m o d   v i t a e   l o r e m   n e c   r h o n c u s .   P r o i n   p o s u e r e   b l a n d i t   q u a m ,   a c   l a o r e e t

m e t u s   p r e t i u m   s i t   a m e t .   I n   h a c   h a b i t a s s e   p l a t e a   d i c t u m s t .   D o n e c   f r i n g i l l a

t i n c i d u n t   l o r e m ,   v e l   i a c u l i s   n u l l a   t r i s t i q u e   n o n .   D u i s   d a p i b u s   r u t r u m   e l i t ,   e u

h e n d r e r i t   n e q u e   g r a v i d a   e t .   S e d   t o r t o r   v e l i t ,   s o l l i c i t u d i n   i n   j u s t o   e u ,   c o m m o d o

t i n c i d u n t   r i s u s .   N u l l a   e u   v o l u t p a t   l a c u s .   A e n e a n   e u i s m o d   c o n s e q u a t   r h o n c u s .



A l i q u a m   e u i s m o d   p l a c e r a t   p o r t t i t o r .   A e n e a n   d a p i b u s   e l i t   i n   t i n c i d u n t

m a l e s u a d a .   D o n e c   t i n c i d u n t   j u s t o   n o n   u r n a   a c c u m s a n   p l a c e r a t .   N u l l a

f a c i l i s i .   C r a s   v o l u t p a t   a n t e   a c   l o r e m   s e m p e r   t r i s t i q u e .   U t   p h a r e t r a   e r a t   v i t a e

r i s u s   l a o r e e t   m o l e s t i e   v i t a e   s e d   n i s l .   A l i q u a m   e r a t   v o l u t p a t .   V e s t i b u l u m   e t

r i s u s   p u l v i n a r ,   e f f i c i t u r   f e l i s   i n ,   e g e s t a s   l o r e m .



N u n c   v e h i c u l a   l a c i n i a   m a u r i s   a t   i m p e r d i e t .   N a m   s e d   e x   a   m a s s a   l o b o r t i s   p l a c e r a t

n o n   n e c   e x .   M a e c e n a s   m o l l i s   a u g u e   n o n   v e l i t   h e n d r e r i t   d a p i b u s .   F u s c e   e l e i f e n d

u l t r i c e s   l e c t u s ,   v e l   v e s t i b u l u m   m a g n a   p u l v i n a r   v i t a e .   C r a s   m a x i m u s   u t   o d i o   q u i s

t i n c i d u n t .   A e n e a n   v i v e r r a   l o r e m   m a g n a ,   e g e t   c o m m o d o   s a p i e n   e u i s m o d   i n .   N u l l a

f a c i l i s i .   L o r e m   i p s u m   d o l o r   s i t   a m e t ,   c o n s e c t e t u r   a d i p i s c i n g   e l i t .   C r a s   i a c u l i s

n i b h   q u a m ,   s e d   s c e l e r i s q u e   e r o s   p h a r e t r a   i n .



U t   v e h i c u l a   m a u r i s   v e l   l i b e r o   o r n a r e ,   n o n   p h a r e t r a   e s t   c o n v a l l i s .   U t   p u l v i n a r

c o n g u e   t e m p o r .   P h a s e l l u s   e g e s t a s   n i s i   u t   f e u g i a t   m o l e s t i e .   V i v a m u s   t e m p o r   d i a m

n o n   n i s i   s c e l e r i s q u e ,   a t   u l t r i c i e s   m a u r i s   v i v e r r a .   A e n e a n   e g e t   a u g u e   n e c   m i

v e h i c u l a   e u i s m o d   s e d   a c   d i a m .   U t   a c   s c e l e r i s q u e   l o r e m .   M a e c e n a s   f e u g i a t   d o l o r

s e d   e r a t   m o l e s t i e   s o l l i c i t u d i n .



A e n e a n   p o s u e r e   e g e t   p u r u s   e g e t   s a g i t t i s .   N u n c   d i g n i s s i m   p r e t i u m   p o s u e r e .   D u i s

t i n c i d u n t   d i c t u m   a n t e ,   e t   m a l e s u a d a   e x   r h o n c u s   i d .   A l i q u a m   f i n i b u s   l i g u l a   a

l a c u s   f e u g i a t ,   v i t a e   v e s t i b u l u m   e n i m   p e l l e n t e s q u e .   M o r b i   l a c i n i a   j u s t o   i n   n u l l a

p r e t i u m   i n t e r d u m .   M o r b i   v e l   c o n v a l l i s   m a g n a ,   q u i s   s o l l i c i t u d i n   a n t e .   V e s t i b u l u m

a n t e   i p s u m   p r i m i s   i n   f a u c i b u s   o r c i   l u c t u s   e t   u l t r i c e s   p o s u e r e   c u b i l i a   c u r a e ;

M a e c e n a s   s e m p e r   m a g n a   n o n   e x   f r i n g i l l a   t r i s t i q u e .   V i v a m u s   a c   e l e m e n t u m

s e m .   N u l l a   h e n d r e r i t   n i s i   e t   d o l o r   a l i q u e t ,   i d   p o r t t i t o r   e n i m   d i c t u m .   S e d   n o n

e n i m   u t   l a c u s   t e m p o r   l a o r e e t .   M a e c e n a s   v e l   l e o   s e m .   N u n c   n o n   r h o n c u s

l e c t u s .   P h a s e l l u s   r h o n c u s   s o l l i c i t u d i n   a r c u   v o l u t p a t   t i n c i d u n t .   S e d   m a g n a   m i ,

a c c u m s a n   s i t   a m e t   u r n a   e u ,   l o b o r t i s   d i g n i s s i m   p u r u s .



S e d   e f f i c i t u r   f i n i b u s   n i s i ,   n o n   s e m p e r   t e l l u s   a u c t o r   i d .   V i v a m u s   m o l l i s

h e n d r e r i t   c o m m o d o .   C r a s   v e h i c u l a   s e m   n e c   d i g n i s s i m   p o r t a .   N u n c   i d   p u r u s

t i n c i d u n t ,   u l t r i c i e s   d o l o r   a t ,   v e s t i b u l u m   m e t u s .   L o r e m   i p s u m   d o l o r   s i t   a m e t ,

c o n s e c t e t u r   a d i p i s c i n g   e l i t .   N u l l a   a c   s e m   e u   t o r t o r   a l i q u a m   r h o n c u s .   Q u i s q u e   i n

h e n d r e r i t   d u i .   P r a e s e n t   n e c   p r e t i u m   v e l i t .   A e n e a n   v a r i u s ,   n i s l   e u   s e m p e r

f e r m e n t u m ,   l i g u l a   e r a t   h e n d r e r i t   e s t ,   v e l   r h o n c u s   n i s l   r i s u s   s e d   r i s u s .   M a e c e n a s

p o r t a ,   u r n a   i d   v i v e r r a   t r i s t i q u e ,   e n i m   d o l o r   f e u g i a t   n i b h ,   n o n   c o n v a l l i s   e r o s

l o r e m   n o n   m a u r i s .



P r o i n   a t   p u r u s   f e u g i a t ,   t e m p o r   n e q u e   e u ,   m o l l i s   l i b e r o .   E t i a m   n i b h   d u i ,

s c e l e r i s q u e   s i t   a m e t   a c c u m s a n   u t ,   c u r s u s   q u i s   l e c t u s .   A e n e a n   a   b i b e n d u m

e n i m .   N u l l a   a   n i s i   u t   d i a m   c o n g u e   c u r s u s .   F u s c e   v e s t i b u l u m ,   n u n c   u t   r h o n c u s

r h o n c u s ,   n i b h   d o l o r   i n t e r d u m   n i b h ,   s e d   a u c t o r   n e q u e   n e q u e   n o n   t u r p i s .   S e d   a

r i s u s   n e c   m i   e g e s t a s   d i c t u m .   Q u i s q u e   f a c i l i s i s ,   l o r e m   e u   b i b e n d u m   d a p i b u s ,   n i b h

i p s u m   p l a c e r a t   e l i t ,   e g e t   m o l e s t i e   n u n c   m a u r i s   v i t a e   p u r u s .   P e l l e n t e s q u e

h a b i t a n t   m o r b i   t r i s t i q u e   s e n e c t u s   e t   n e t u s   e t   m a l e s u a d a   f a m e s   a c   t u r p i s

e g e s t a s .   D o n e c   s e m   m a s s a ,   l o b o r t i s   a t   u r n a   a t ,   p h a r e t r a   v o l u t p a t   n e q u e .   I n

l a c i n i a   r h o n c u s   n u n c   p u l v i n a r   a l i q u a m .   M a u r i s   v e l   a r c u   f e l i s .   N u l l a

f a c i l i s i .   V e s t i b u l u m   v e h i c u l a   n i s i   s e d   s e m   p o r t a   f i n i b u s .   E t i a m   a u g u e   m a s s a ,

v e s t i b u l u m   s a g i t t i s   u r n a   e g e t ,   m o l e s t i e   m o l l i s   u r n a .   D o n e c   h e n d r e r i t   d i a m   i n

n i s l   f a u c i b u s   v e s t i b u l u m .



S e d   i n   p u r u s   a   l o r e m   l o b o r t i s   l u c t u s   a t   v i t a e   l o r e m .   U t   e l i t   r i s u s ,   c o m m o d o   e u

n u n c   e t ,   p o r t a   l u c t u s   r i s u s .   P r o i n   o r n a r e ,   f e l i s   u t   s o d a l e s   t r i s t i q u e ,   e x   m a u r i s

d i c t u m   l a c u s ,   s e d   i a c u l i s   e s t   a r c u   u t   l e c t u s .   C r a s   i d   o d i o   p e l l e n t e s q u e ,

c o n d i m e n t u m   t e l l u s   e g e t ,   u l l a m c o r p e r   a r c u .   L o r e m   i p s u m   d o l o r   s i t   a m e t ,

c o n s e c t e t u r   a d i p i s c i n g   e l i t .   I n   q u i s   u r n a   a   m a g n a   t e m p o r   p e l l e n t e s q u e   n e c   v i t a e

a r c u .   S u s p e n d i s s e   m i   n i b h ,   p l a c e r a t   n o n   s o d a l e s   e u ,   t r i s t i q u e   a   f e l i s .   E t i a m

l a c i n i a   m o l l i s   e x ,   n o n   s u s c i p i t   t o r t o r   g r a v i d a   e g e t .   P e l l e n t e s q u e   p o s u e r e

b l a n d i t   b l a n d i t .



C u r a b i t u r   f e u g i a t   t u r p i s   m e t u s ,   q u i s   p l a c e r a t   v e l i t   m o l l i s   s i t   a m e t .   C u r a b i t u r

a c   e s t   e u   d i a m   d a p i b u s   f r i n g i l l a .   P h a s e l l u s   s i t   a m e t   a r c u   e g e t   m e t u s   v u l p u t a t e

e f f i c i t u r .   S u s p e n d i s s e   l u c t u s   s a g i t t i s   n e q u e   f e u g i a t   f a u c i b u s .   M a e c e n a s   m e t u s

e r o s ,   v u l p u t a t e   v i t a e   d i g n i s s i m   q u i s ,   e l e i f e n d   q u i s   t e l l u s .   A l i q u a m   e r a t

v o l u t p a t .   D o n e c   p e l l e n t e s q u e ,   d i a m   t i n c i d u n t   p u l v i n a r   v a r i u s ,   a u g u e   n u n c   m o l l i s

l o r e m ,   e g e t   f i n i b u s   t o r t o r   n e q u e   c o n s e c t e t u r   l o r e m .   D o n e c   s o l l i c i t u d i n   m a x i m u s

l o r e m   n e c   i n t e r d u m .   M a e c e n a s   e t   c o m m o d o   e s t .   N u l l a m   n u n c   e n i m ,   v e n e n a t i s   i n

v o l u t p a t   f r i n g i l l a ,   t e m p o r   a c   j u s t o .   A e n e a n   e u   r i s u s   d i c t u m ,   u l t r i c i e s   d o l o r

s e d ,   f a u c i b u s   j u s t o .   M a e c e n a s   v e l   a n t e   u t   m i   s o l l i c i t u d i n   m a x i m u s .   D u i s

s o l l i c i t u d i n   n u l l a   s e d   m a l e s u a d a   v o l u t p a t .



C r a s   e u   p o s u e r e   m i .   S u s p e n d i s s e   e l i t   e x ,   u l l a m c o r p e r   s e d   l i b e r o   l o b o r t i s ,   v a r i u s

f e u g i a t   r i s u s .   N u n c   e g e s t a s   e g e t   m a u r i s   i n   s u s c i p i t .   A e n e a n   i d   a u c t o r

a n t e .   F u s c e   a c   s e m   s e m .   D o n e c   v i t a e   s o l l i c i t u d i n   t u r p i s ,   s i t   a m e t   l u c t u s

e r a t .   M a u r i s   q u i s   e s t   r i s u s .   S e d   s i t   a m e t   n e q u e   n e c   e n i m   e l e m e n t u m   v o l u t p a t .



P h a s e l l u s   n o n   v e s t i b u l u m   e n i m .   S e d   p u l v i n a r   t i n c i d u n t   v e n e n a t i s .   U t   m o l e s t i e

t e m p u s   l e c t u s ,   t e m p o r   f a u c i b u s   n u l l a   c u r s u s   a c .   V e s t i b u l u m   v i t a e   a r c u   s i t   a m e t

t u r p i s   v e h i c u l a   p o s u e r e .   U t   e l e m e n t u m ,   j u s t o   u t   f a c i l i s i s   l u c t u s ,   s e m   l i g u l a

f a c i l i s i s   s a p i e n ,   s e d   e g e s t a s   t e l l u s   e n i m   q u i s   l a c u s .   M o r b i   f a u c i b u s   s e m p e r

e r o s ,   a   l a c i n i a   m e t u s   l o b o r t i s   n e c .   N u l l a   f a c i l i s i .   N u l l a m   v i v e r r a   m a u r i s   n e c

t o r t o r   s u s c i p i t ,   n o n   b l a n d i t   e r o s   t i n c i d u n t .



E t i a m   a l i q u e t ,   v e l i t   o r n a r e   l a c i n i a   a u c t o r ,   a u g u e   i p s u m   f r i n g i l l a   n i b h ,   i n

o r n a r e   t u r p i s   f e l i s   v a r i u s   q u a m .   N u n c   c o n s e c t e t u r ,   l o r e m   i n   a c c u m s a n   c o m m o d o ,

m a s s a   v e l i t   s a g i t t i s   m a s s a ,   s i t   a m e t   v a r i u s   j u s t o   m a s s a   e u   t u r p i s .   M a u r i s   i n

t i n c i d u n t   n u n c ,   v e l   e g e s t a s   m a g n a .   C u r a b i t u r   a   d u i   e t   e r o s   e l e i f e n d   b l a n d i t .   N a m

t i n c i d u n t   l i b e r o   v i t a e   v e l i t   s o l l i c i t u d i n   m a l e s u a d a .   I n   t r i s t i q u e   e t   a u g u e   q u i s

u l t r i c i e s .   S u s p e n d i s s e   v e h i c u l a   n o n   i p s u m   a c   e u i s m o d .



P e l l e n t e s q u e   h a b i t a n t   m o r b i   t r i s t i q u e   s e n e c t u s   e t   n e t u s   e t   m a l e s u a d a   f a m e s   a c

t u r p i s   e g e s t a s .   F u s c e   p l a c e r a t   p e l l e n t e s q u e   m e t u s   v e l   f i n i b u s .   A l i q u a m   n o n

p h a r e t r a   a u g u e ,   n e c   i a c u l i s   u r n a .   I n   o r n a r e   n u l l a   a c   n e q u e   u l l a m c o r p e r   f i n i b u s

e g e t   s i t   a m e t   n e q u e .   D o n e c   a c   t e m p o r   i p s u m ,   n e c   l o b o r t i s   n i b h .   V i v a m u s   n u l l a

d u i ,   t i n c i d u n t   v e l   l a o r e e t   v i t a e ,   d a p i b u s   e t   d i a m .   A l i q u a m   v e l i t   a r c u ,   a l i q u e t   a

n i s l   i n t e r d u m ,   i n t e r d u m   u l t r i c i e s   n u l l a .



M o r b i   m a t t i s   l e c t u s   l e o ,   u t   p o s u e r e   v e l i t   t i n c i d u n t   q u i s .   A e n e a n   q u i s   a l i q u a m

m i .   A l i q u a m   i p s u m   o r c i ,   v e n e n a t i s   i d   i p s u m   q u i s ,   p o r t a   r u t r u m   e x .   I n t e g e r   o r n a r e

c o m m o d o   f e u g i a t .   F u s c e   a c c u m s a n ,   m i   a   a l i q u e t   f a c i l i s i s ,   u r n a   e r o s   c o n s e q u a t

v e l i t ,   a c   b i b e n d u m   e r a t   m i   e u   m a u r i s .   D o n e c   d i g n i s s i m   m a u r i s   n o n   s a p i e n

p o r t t i t o r   b l a n d i t .   S e d   p r e t i u m   a n t e   i p s u m ,   a c   e l e i f e n d   j u s t o   p r e t i u m

v i t a e .   C u r a b i t u r   p h a r e t r a   r i s u s   s i t   a m e t   o r c i   v e n e n a t i s   u l t r i c i e s .   P h a s e l l u s   i d

m e t u s   t e m p u s ,   p h a r e t r a   l e o   e g e t ,   h e n d r e r i t   n e q u e .   P h a s e l l u s   s a g i t t i s   a u g u e   a t

p u l v i n a r   p o s u e r e .   A e n e a n   i n   i p s u m   s c e l e r i s q u e ,   h e n d r e r i t   m a u r i s   n o n ,   c o n d i m e n t u m

i p s u m .   N u l l a   e u   c o n s e q u a t   a u g u e .   M o r b i   d a p i b u s   n u n c   t u r p i s ,   n o n   r u t r u m   q u a m

a l i q u e t   e g e t .   M a e c e n a s   s a g i t t i s   n u l l a   v i t a e   u l t r i c e s   v u l p u t a t e .   U t   f i n i b u s

f a c i l i s i s   d a p i b u s .   C r a s   a l i q u a m   l a c u s   a t   n e q u e   s a g i t t i s   c o m m o d o .



P e l l e n t e s q u e   c o m m o d o   m o l e s t i e   c o n s e c t e t u r .   M a u r i s   u t   l a c u s   s i t   a m e t   e r o s

c o n v a l l i s   f a u c i b u s   v e l   a   t o r t o r .   V i v a m u s   n e c   c o n s e c t e t u r   m a g n a .   O r c i   v a r i u s

n a t o q u e   p e n a t i b u s   e t   m a g n i s   d i s   p a r t u r i e n t   m o n t e s ,   n a s c e t u r   r i d i c u l u s

m u s .   N u l l a m   n i b h   u r n a ,   s a g i t t i s   i n   a l i q u a m   s i t   a m e t ,   u l t r i c i e s   s u s c i p i t

m a g n a .   N u l l a m   c o n s e q u a t   f e l i s   e n i m ,   i n   p o s u e r e   t o r t o r   t i n c i d u n t   a t .   S e d   b l a n d i t

l i g u l a   a c   s e m   e l e m e n t u m   d i c t u m .   D u i s   b l a n d i t   a c c u m s a n   f e r m e n t u m .   P e l l e n t e s q u e

q u i s   p o r t t i t o r   m e t u s ,   i d   e l e m e n t u m   m a s s a .   A e n e a n   i d   e n i m   f i n i b u s ,   f r i n g i l l a

a u g u e   a ,   l u c t u s   e n i m .   N u l l a   p u r u s   t u r p i s ,   e f f i c i t u r   e t   r u t r u m   t i n c i d u n t ,   t e m p u s

e t   m a s s a .   P r a e s e n t   l e c t u s   q u a m ,   m a l e s u a d a   a t   l o r e m   s i t   a m e t ,   m o l l i s   c o m m o d o

l i g u l a .   Q u i s q u e   e g e t   n i s l   q u a m .   S e d   v e h i c u l a   c o n v a l l i s   p o s u e r e .   V i v a m u s

f e r m e n t u m ,   d o l o r   e t   f r i n g i l l a   d a p i b u s ,   l o r e m   e x   v i v e r r a   u r n a ,   e u   c o n s e q u a t   q u a m

e s t   v e l   r i s u s .   Q u i s q u e   b l a n d i t   l u c t u s   f e l i s ,   i n   u l t r i c e s   n i b h   m a x i m u s   i n .



D o n e c   a u c t o r   e s t   e g e t   l e o   v e h i c u l a ,   s i t   a m e t   u l t r i c i e s   l i b e r o

p h a r e t r a .   S u s p e n d i s s e   s i t   a m e t   a l i q u e t   l i g u l a .   U t   i d   f i n i b u s   l i g u l a .   N u l l a

f a c i l i s i .   C r a s   i m p e r d i e t   e u i s m o d   n u n c ,   i n   p u l v i n a r   a u g u e   s o d a l e s   v e l .   M a e c e n a s

v i t a e   f e u g i a t   m a s s a .   D o n e c   s a g i t t i s   p o s u e r e   d u i   s e d   a l i q u e t .



A e n e a n   e t   d i a m   c o n v a l l i s ,   c o n s e c t e t u r   q u a m   v e l ,   p e l l e n t e s q u e   m a s s a .   V e s t i b u l u m

m a u r i s   t e l l u s ,   c o n s e c t e t u r   e u   e n i m   s i t   a m e t ,   m o l e s t i e   c o n d i m e n t u m   j u s t o .   M a u r i s

a   u l l a m c o r p e r   e x ,   n o n   f a u c i b u s   l i g u l a .   S e d   p u l v i n a r   v e l i t   n o n   e x   m a t t i s ,   s e d

c o n s e c t e t u r   j u s t o   s o d a l e s .   P h a s e l l u s   m o l l i s   m o l l i s   n u l l a   q u i s   a l i q u e t .   N u l l a

v e h i c u l a   s e m p e r   m e t u s ,   p o s u e r e   m o l l i s   e r a t   v e h i c u l a   v e l .   C r a s   e g e t   v e n e n a t i s

m a u r i s ,   a   f r i n g i l l a   t u r p i s .   D o n e c   e g e s t a s   t o r t o r   e t   p e l l e n t e s q u e   t i n c i d u n t .   S e d

e u   a n t e   q u i s   e n i m   h e n d r e r i t   s a g i t t i s   i n   v i t a e   l i g u l a .



P r a e s e n t   a c   m a s s a   v u l p u t a t e   a r c u   s c e l e r i s q u e   e f f i c i t u r   n e c   i d   s e m .   C u r a b i t u r

s a p i e n   n i s i ,   t e m p u s   e l e m e n t u m   s c e l e r i s q u e   i d ,   c o n d i m e n t u m   s e d   r i s u s .   N u n c

e l e m e n t u m   f r i n g i l l a   e g e s t a s .   O r c i   v a r i u s   n a t o q u e   p e n a t i b u s   e t   m a g n i s   d i s

p a r t u r i e n t   m o n t e s ,   n a s c e t u r   r i d i c u l u s   m u s .   E t i a m   l e o   q u a m ,   s u s c i p i t   e g e t   n i b h

i d ,   c o n s e q u a t   p o r t t i t o r   n i s i .   Q u i s q u e   m o l l i s   a l i q u a m   m o l l i s .   N a m   e g e s t a s   v i t a e

m i   q u i s   f a u c i b u s .   U t   a n t e   n u n c ,   v o l u t p a t   v i t a e   a u g u e   a t ,   s e m p e r   r u t r u m

l e c t u s .   M a u r i s   b l a n d i t   l o r e m   v i t a e   t i n c i d u n t   p o r t t i t o r .   P e l l e n t e s q u e   h a b i t a n t

m o r b i   t r i s t i q u e   s e n e c t u s   e t   n e t u s   e t   m a l e s u a d a   f a m e s   a c   t u r p i s   e g e s t a s .



P h a s e l l u s   t e l l u s   l e c t u s ,   i a c u l i s   e g e t   t e m p o r   v i t a e ,   i n t e r d u m   s e d   p u r u s .   S e d

s o l l i c i t u d i n   m a x i m u s   s e m .   V i v a m u s   u r n a   v e l i t ,   p o s u e r e   v i t a e   m a t t i s   e t ,   l u c t u s   a t

s e m .   V i v a m u s   m a l e s u a d a   t u r p i s   n e q u e ,   e u   m o l l i s   l a c u s   e g e s t a s   c o n g u e .   V i v a m u s

p e l l e n t e s q u e   j u s t o   q u i s   e x   f a u c i b u s ,   s i t   a m e t   l a c i n i a   i p s u m   p l a c e r a t .   N u n c

f e r m e n t u m   l u c t u s   n i s i .   P r a e s e n t   c u r s u s   n e q u e   n e c   n u l l a   m a l e s u a d a   s e m p e r .   D u i s   a

r h o n c u s   m a u r i s ,   n e c   o r n a r e   a r c u .   U t   i n   p r e t i u m   m e t u s .   P e l l e n t e s q u e   o r n a r e   d u i   a c

d i a m   d i c t u m   f e u g i a t .   N u n c   m a x i m u s   v i t a e   d i a m   u t   f a c i l i s i s .   P r a e s e n t   e l e m e n t u m

q u a m   q u a m ,   e u   v e n e n a t i s   p u r u s   t r i s t i q u e   u t .   Q u i s q u e   d i g n i s s i m   e r a t   e t   a u c t o r

v o l u t p a t .   V i v a m u s   e x   r i s u s ,   v e h i c u l a   n e c   e l e m e n t u m   s e d ,   f e u g i a t   n o n   u r n a .   F u s c e

u t   p u r u s   a n t e .   I n t e g e r   q u i s   c o n v a l l i s   o d i o ,   q u i s   l a o r e e t   u r n a .



U t   s o l l i c i t u d i n ,   i p s u m   n o n   c o n s e q u a t   c u r s u s ,   n i s i   l i b e r o   p u l v i n a r   q u a m ,   i d

r h o n c u s   n u n c   e r o s   s e d   a n t e .   S e d   p u l v i n a r   s i t   a m e t   m a u r i s   n e c   r u t r u m .   A e n e a n

t e m p u s   n i s i   a t   a l i q u e t   t r i s t i q u e .   E t i a m   d i g n i s s i m   m a u r i s   t e l l u s ,   s i t   a m e t

c o n s e c t e t u r   r i s u s   r h o n c u s   i d .   M a u r i s   n o n   d o l o r   e g e t   d u i   e l e m e n t u m   a u c t o r   a t   q u i s

a u g u e .   A l i q u a m   s i t   a m e t   s u s c i p i t   s e m .   S u s p e n d i s s e   p o t e n t i .   D u i s   e f f i c i t u r   s i t

a m e t   v e l i t   a t   c o n d i m e n t u m .   A l i q u a m   c o n v a l l i s   v o l u t p a t   r i s u s ,   a   r u t r u m   u r n a

i a c u l i s   a .   M a e c e n a s   v e h i c u l a   v e l   j u s t o   b i b e n d u m   v e n e n a t i s .   N u n c   f a u c i b u s   q u i s

l e o   v i t a e   v u l p u t a t e .   S e d   l u c t u s   a t   n i b h   u t   p r e t i u m .   P r o i n   e u i s m o d   o r n a r e   l i g u l a ,

a t   s o l l i c i t u d i n   v e l i t   l a c i n i a   n o n .   M o r b i   s a g i t t i s   l a c u s   m a t t i s ,   p o r t a   e s t

p u l v i n a r ,   l a o r e e t   t u r p i s .



M o r b i   s i t   a m e t   e u i s m o d   l i b e r o .   N u l l a   e g e t   m i   s e d   e l i t   v e n e n a t i s   h e n d r e r i t   m o l l i s

a c   e r o s .   V e s t i b u l u m   a n t e   i p s u m   p r i m i s   i n   f a u c i b u s   o r c i   l u c t u s   e t   u l t r i c e s

p o s u e r e   c u b i l i a   c u r a e ;   F u s c e   n e c   c o n g u e   u r n a .   E t i a m   h e n d r e r i t   r u t r u m

v e s t i b u l u m .   N a m   e g e t   n i b h   f e r m e n t u m ,   s o d a l e s   n u n c   s i t   a m e t ,   e f f i c i t u r

a n t e .   C l a s s   a p t e n t   t a c i t i   s o c i o s q u   a d   l i t o r a   t o r q u e n t   p e r   c o n u b i a   n o s t r a ,   p e r

i n c e p t o s   h i m e n a e o s .   E t i a m   l o r e m   v e l i t ,   p u l v i n a r   s e d   i a c u l i s   a c ,   u l l a m c o r p e r

e g e s t a s   l i g u l a .   V i v a m u s   i m p e r d i e t ,   m i   s i t   a m e t   l a o r e e t   h e n d r e r i t ,   n i b h   m a u r i s

v i v e r r a   e r a t ,   q u i s   v i v e r r a   f e l i s   e l i t   e g e t   m i .   I n t e g e r   p h a r e t r a   t o r t o r   e r a t ,   i n

c u r s u s   l a c u s   p o r t t i t o r   e u .   N a m   i n   f e r m e n t u m   t u r p i s ,   s e d   i m p e r d i e t   r i s u s .   U t   u t

l i b e r o   m i .   C r a s   v i t a e   s o d a l e s   l e o ,   n o n   f e r m e n t u m   n i s l .   M a u r i s   m a l e s u a d a   i p s u m   u t

l i b e r o   f a c i l i s i s ,   i n   m a t t i s   n i s l   s o l l i c i t u d i n .   I n   d i c t u m   v u l p u t a t e   m a s s a   i d

f e r m e n t u m .



E t i a m   v i t a e   d i a m   o r n a r e ,   r u t r u m   e l i t   s i t   a m e t ,   a l i q u e t   p u r u s .   F u s c e   e l e m e n t u m

e r o s   e g e t   i n t e r d u m   l a c i n i a .   P e l l e n t e s q u e   i a c u l i s   a u g u e   v i t a e   r u t r u m

d i g n i s s i m .   M a e c e n a s   f a u c i b u s   e u   p u r u s   s e d   v e n e n a t i s .   I n   t e m p u s   e u   m a s s a   v i v e r r a

e l e m e n t u m .   F u s c e   u t   d i g n i s s i m   t u r p i s .   U t   i m p e r d i e t   q u a m   a c   d i a m   t e m p o r ,   i n

u l l a m c o r p e r   u r n a   v a r i u s .   S e d   a c   n e q u e   a l i q u a m ,   v e s t i b u l u m   t o r t o r   a c ,   a l i q u e t

l e o .   U t   l u c t u s   s a g i t t i s   p u r u s ,   v i t a e   p h a r e t r a   s a p i e n   p e l l e n t e s q u e   a .   F u s c e

p o r t t i t o r   e x   q u a m .



P e l l e n t e s q u e   o r n a r e   d u i   a   e n i m   s e m p e r   u l t r i c i e s .   P r o i n   n e c   t e m p o r

a u g u e .   V e s t i b u l u m   m a l e s u a d a   a l i q u e t   m e t u s ,   e t   l o b o r t i s   n e q u e   d i c t u m

n o n .   P e l l e n t e s q u e   r h o n c u s   o r c i   p u l v i n a r   a l i q u e t   p o r t t i t o r .   P r a e s e n t   l a c i n i a ,

n u l l a   u t   d i g n i s s i m   f a u c i b u s ,   d i a m   m a u r i s   u l t r i c e s   n i s i ,   q u i s   p l a c e r a t   d o l o r

t e l l u s   e u   o r c i .   M o r b i   v o l u t p a t   a l i q u e t   m o l e s t i e .   S u s p e n d i s s e   p u l v i n a r   e l e m e n t u m

n i s i ,   n e c   s o d a l e s   u r n a   f e r m e n t u m   n o n .   D u i s   c u r s u s   c u r s u s   l e o ,   v e l   f e u g i a t   q u a m

f e u g i a t   s i t   a m e t .   P r a e s e n t   e g e t   n u l l a   c o n v a l l i s ,   b l a n d i t   l i b e r o   s i t   a m e t ,

d a p i b u s   n i s i .   N u n c   s i t   a m e t   e g e s t a s   l e c t u s .



S e d   e t   t i n c i d u n t   l i b e r o .   S e d   a t   e f f i c i t u r   t u r p i s .   I n t e g e r   i d   e l e m e n t u m   d i a m ,   i n

d a p i b u s   l i g u l a .   S e d   v e l   m a x i m u s   p u r u s .   F u s c e   p r e t i u m   m e t u s   s e d   p o s u e r e

c o n g u e .   I n t e g e r   i n   j u s t o   e u   d o l o r   c u r s u s   l a c i n i a .   V i v a m u s   n e c   e l i t   n u l l a .   D o n e c

u l t r i c e s   n e c   e l i t   e t   t e m p u s .   S e d   i d   l i g u l a   e r a t .   N u l l a m   l a o r e e t   v i v e r r a   p u r u s ,

q u i s   d i g n i s s i m   f e l i s   s o d a l e s   c u r s u s .   A e n e a n   f r i n g i l l a   n i s i   l i b e r o .
