V r u h p   l s v x p   g r o r u   v l w   d p h w ,   f r q v h f w h w x u   d g l s l v f l q j   h o l w .   W d x u l v   f r q v h f w h w x u   h q l p

d w   i h o l v   y r o x w s d w   u x w u x p .   Z h o o h q w h v t x h   l g   i h o l v   s h o o h q w h v t x h ,   f r q v h t x d w   g l d p

h x l v p r g ,   p d a l p x v   h q l p .   M u d v   q r q   g l d p   y l w d h   s x u x v   f r q y d o o l v   d o l t x d p   l q   t x l v

o l e h u r .   Z u d h v h q w   y h q h q d w l v   y l y h u u d   q l v o .   C x v s h q g l v v h   v x v f l s l w   p r o h v w l h

p d w w l v .   C h g   h j h w   y h o l w   g l j q l v v l p ,   p d a l p x v   p l   y h o ,   i l q l e x v   v h p .   K o l t x d p   l g

h x l v p r g   g r o r u .   M x u d e l w x u   x w   p r o h v w l h   q x q f .   C h g   i d x f l e x v   o x f w x v   g l d p ,   v l w   d p h w

j u d y l g d   x u q d   f r q j x h   v h p s h u .   K h q h d q   i h x j l d w   g x l   d f   o h f w x v   p r o h v w l h   y l y h u u d .   Y u f l

y d u l x v   q d w r t x h   s h q d w l e x v   h w   p d j q l v   g l v   s d u w x u l h q w   p r q w h v ,   q d v f h w x u   u l g l f x o x v

p x v .



X d p   g d s l e x v ,   q x q f   q r q   j u d y l g d   s x o y l q d u ,   v d s l h q   u l v x v   y h q h q d w l v   x u q d ,   s k d u h w u d

p d o h v x d g d   o l j x o d   r g l r   l g   d q w h .   K h q h d q   x o o d p f r u s h u   h u r v   h u r v ,   t x l v   w h p s x v   m x v w r

v x v f l s l w   x w .   K h q h d q   v d j l w w l v   o h r   q h f   w r u w r u   v x v f l s l w ,   t x l v   h i i l f l w x u   o h r

d o l t x h w .   C x v s h q g l v v h   d   g l f w x p   p d v v d .   Z u r l q   y h q h q d w l v   p d w w l v   h u d w ,   d f   s r u w w l w r u

p l   d o l t x d p   l g .   O w l d p   f r q v h f w h w x u   w h p s x v   f x u v x v .   K o l t x d p   y h o   p d v v d   y h q h q d w l v ,

l p s h u g l h w   r g l r   f r q v h t x d w ,   v r g d o h v   v d s l h q .   E w   k h q g u h u l w   q h t x h   d f   v d s l h q

v r o o l f l w x g l q ,   q r q   y d u l x v   p d j q d   v x v f l s l w .   X x q f   x o w u l f l h v   s x u x v   q h f   h x l v p r g

g d s l e x v .



X x o o d p   w l q f l g x q w   v d j l w w l v   h q l p ,   x w   f r q v h f w h w x u   h u d w   x o o d p f r u s h u   d w .   N x l v   p r o o l v

f r q j x h   w h o o x v ,   l q   l p s h u g l h w   w r u w r u .   X x o o d p   g d s l e x v ,   t x d p   v l w   d p h w   f r q g l p h q w x p

y h k l f x o d ,   g x l   o l j x o d   y d u l x v   o l j x o d ,   d   d f f x p v d q   q x q f   d q w h   t x l v

p d v v d .   Z h o o h q w h v t x h   l q   g l j q l v v l p   w r u w r u .   W d h f h q d v   h o l w   q x q f ,   s r v x h u h   v h g

s o d f h u d w   x w ,   i h x j l d w   t x l v   m x v w r .   N x l v   v r g d o h v   i h o l v   q r q   p d v v d   d x f w r u

d f f x p v d q .   X x o o d p   v l w   d p h w   g l d p   y h k l f x o d ,   x o w u l f h v   g r o r u   y l w d h ,   y h k l f x o d

h u r v .   Z k d v h o o x v   s r u w w l w r u   g l d p   h j h v w d v   u l v x v   y r o x w s d w ,   h x   h i i l f l w x u   h a

i h x j l d w .   C x v s h q g l v v h   v l w   d p h w   p h w x v   s x u x v .   C h g   s o d f h u d w   y r o x w s d w   h u r v .



A x l v t x h   h w   w h p s r u   t x d p ,   d f   w l q f l g x q w   p l .   P x v f h   o r e r u w l v   p l   g r o r u .   C x v s h q g l v v h

e o d q g l w   u l v x v   e o d q g l w ,   p r o h v w l h   d u f x   v l w   d p h w ,   p d o h v x d g d   p l .   K o l t x d p   p d a l p x v

h o h l i h q g   h q l p ,   o r e r u w l v   y d u l x v   p l   p d w w l v   y l w d h .   S q w h j h u   y h q h q d w l v   g l j q l v v l p   t x d p

q r q   u x w u x p .   S q w h j h u   f r q y d o o l v   y l w d h   g r o r u   q h f   y h v w l e x o x p .   K o l t x d p   d   w h p s r u

q l e k .   X x o o d   h o h p h q w x p   g l d p   t x l v   p l   o d f l q l d   s u h w l x p .   K o l t x d p   v x v f l s l w   g r o r u   g l d p ,

d   e l e h q g x p   g l d p   o r e r u w l v   q h f .   Z u r l q   h u r v   o d f x v ,   s r v x h u h   d w   y h o l w   l g ,   x o w u l f l h v

w h p s r u   o d f x v .



W d h f h q d v   q h f   e o d q g l w   o h f w x v .   E w   s k d u h w u d   h v w   v l w   d p h w   e o d q g l w   s k d u h w u d .   N r q h f

i d x f l e x v   d f   p d j q d   y r o x w s d w   y r o x w s d w .   F l y d p x v   f r q g l p h q w x p   q x q f   h j h w   f x u v x v

y l y h u u d .   F l y d p x v   d f   d x j x h   l q   o h r   v x v f l s l w   f r p p r g r   l g   h j h w   d q w h .   W d h f h q d v

p r o h v w l h ,   o h r   h w   i h u p h q w x p   u k r q f x v ,   p d j q d   h q l p   v r g d o h v   r u f l ,   h x   p r o h v w l h   q x q f

h o l w   d   s x u x v .   X d p   x o w u l f l h v   v r o o l f l w x g l q   p d v v d ,   y h o   p d o h v x d g d   u l v x v   f r q y d o o l v

q h f .   P x v f h   v r o o l f l w x g l q ,   m x v w r   q r q   o d f l q l d   w h p s x v ,   p h w x v   o r u h p   x o w u l f h v   m x v w r ,

d w   j u d y l g d   r u f l   p d v v d   l q   q h t x h .   O w l d p   h j h w   p d w w l v   x u q d .   M x u d e l w x u   o r e r u w l v

s r v x h u h   h a   d f   v d j l w w l v .



S q   y h o   q l e k   p l .   S q w h j h u   x o w u l f l h v   d   g l d p   d w   s u h w l x p .   X x q f   l q   f r q v h t x d w

g l d p .   Z h o o h q w h v t x h   k d e l w d q w   p r u e l   w u l v w l t x h   v h q h f w x v   h w   q h w x v   h w   p d o h v x d g d   i d p h v

d f   w x u s l v   h j h v w d v .   C h g   v d j l w w l v   w h p s x v   i l q l e x v .   X x q f   h x   s k d u h w u d   p d x u l v .   O w l d p

j u d y l g d   d f f x p v d q   o l e h u r   d w   w u l v w l t x h .   X d p   q r q   v d s l h q   o x f w x v ,   i u l q j l o o d   p h w x v

v h g ,   d o l t x d p   w x u s l v .   Z u d h v h q w   q h f   d f f x p v d q   p d j q d .   W d h f h q d v   g l d p   h q l p ,   p d o h v x d g d

d   f r q j x h   y h o ,   y l y h u u d   d f   o l e h u r .   F h v w l e x o x p   s r v x h u h   q h f   w x u s l v   j u d y l g d

p d w w l v .   W d x u l v   t x d p   x u q d ,   d f f x p v d q   t x l v   r g l r   x w ,   w h p s x v   h j h v w d v   g r o r u .



W d x u l v   h x l v p r g   y l w d h   o r u h p   q h f   u k r q f x v .   Z u r l q   s r v x h u h   e o d q g l w   t x d p ,   d f   o d r u h h w

p h w x v   s u h w l x p   v l w   d p h w .   S q   k d f   k d e l w d v v h   s o d w h d   g l f w x p v w .   N r q h f   i u l q j l o o d

w l q f l g x q w   o r u h p ,   y h o   l d f x o l v   q x o o d   w u l v w l t x h   q r q .   N x l v   g d s l e x v   u x w u x p   h o l w ,   h x

k h q g u h u l w   q h t x h   j u d y l g d   h w .   C h g   w r u w r u   y h o l w ,   v r o o l f l w x g l q   l q   m x v w r   h x ,   f r p p r g r

w l q f l g x q w   u l v x v .   X x o o d   h x   y r o x w s d w   o d f x v .   K h q h d q   h x l v p r g   f r q v h t x d w   u k r q f x v .



K o l t x d p   h x l v p r g   s o d f h u d w   s r u w w l w r u .   K h q h d q   g d s l e x v   h o l w   l q   w l q f l g x q w

p d o h v x d g d .   N r q h f   w l q f l g x q w   m x v w r   q r q   x u q d   d f f x p v d q   s o d f h u d w .   X x o o d

i d f l o l v l .   M u d v   y r o x w s d w   d q w h   d f   o r u h p   v h p s h u   w u l v w l t x h .   E w   s k d u h w u d   h u d w   y l w d h

u l v x v   o d r u h h w   p r o h v w l h   y l w d h   v h g   q l v o .   K o l t x d p   h u d w   y r o x w s d w .   F h v w l e x o x p   h w

u l v x v   s x o y l q d u ,   h i i l f l w x u   i h o l v   l q ,   h j h v w d v   o r u h p .



X x q f   y h k l f x o d   o d f l q l d   p d x u l v   d w   l p s h u g l h w .   X d p   v h g   h a   d   p d v v d   o r e r u w l v   s o d f h u d w

q r q   q h f   h a .   W d h f h q d v   p r o o l v   d x j x h   q r q   y h o l w   k h q g u h u l w   g d s l e x v .   P x v f h   h o h l i h q g

x o w u l f h v   o h f w x v ,   y h o   y h v w l e x o x p   p d j q d   s x o y l q d u   y l w d h .   M u d v   p d a l p x v   x w   r g l r   t x l v

w l q f l g x q w .   K h q h d q   y l y h u u d   o r u h p   p d j q d ,   h j h w   f r p p r g r   v d s l h q   h x l v p r g   l q .   X x o o d

i d f l o l v l .   V r u h p   l s v x p   g r o r u   v l w   d p h w ,   f r q v h f w h w x u   d g l s l v f l q j   h o l w .   M u d v   l d f x o l v

q l e k   t x d p ,   v h g   v f h o h u l v t x h   h u r v   s k d u h w u d   l q .



E w   y h k l f x o d   p d x u l v   y h o   o l e h u r   r u q d u h ,   q r q   s k d u h w u d   h v w   f r q y d o o l v .   E w   s x o y l q d u

f r q j x h   w h p s r u .   Z k d v h o o x v   h j h v w d v   q l v l   x w   i h x j l d w   p r o h v w l h .   F l y d p x v   w h p s r u   g l d p

q r q   q l v l   v f h o h u l v t x h ,   d w   x o w u l f l h v   p d x u l v   y l y h u u d .   K h q h d q   h j h w   d x j x h   q h f   p l

y h k l f x o d   h x l v p r g   v h g   d f   g l d p .   E w   d f   v f h o h u l v t x h   o r u h p .   W d h f h q d v   i h x j l d w   g r o r u

v h g   h u d w   p r o h v w l h   v r o o l f l w x g l q .



K h q h d q   s r v x h u h   h j h w   s x u x v   h j h w   v d j l w w l v .   X x q f   g l j q l v v l p   s u h w l x p   s r v x h u h .   N x l v

w l q f l g x q w   g l f w x p   d q w h ,   h w   p d o h v x d g d   h a   u k r q f x v   l g .   K o l t x d p   i l q l e x v   o l j x o d   d

o d f x v   i h x j l d w ,   y l w d h   y h v w l e x o x p   h q l p   s h o o h q w h v t x h .   W r u e l   o d f l q l d   m x v w r   l q   q x o o d

s u h w l x p   l q w h u g x p .   W r u e l   y h o   f r q y d o o l v   p d j q d ,   t x l v   v r o o l f l w x g l q   d q w h .   F h v w l e x o x p

d q w h   l s v x p   s u l p l v   l q   i d x f l e x v   r u f l   o x f w x v   h w   x o w u l f h v   s r v x h u h   f x e l o l d   f x u d h ;

W d h f h q d v   v h p s h u   p d j q d   q r q   h a   i u l q j l o o d   w u l v w l t x h .   F l y d p x v   d f   h o h p h q w x p

v h p .   X x o o d   k h q g u h u l w   q l v l   h w   g r o r u   d o l t x h w ,   l g   s r u w w l w r u   h q l p   g l f w x p .   C h g   q r q

h q l p   x w   o d f x v   w h p s r u   o d r u h h w .   W d h f h q d v   y h o   o h r   v h p .   X x q f   q r q   u k r q f x v

o h f w x v .   Z k d v h o o x v   u k r q f x v   v r o o l f l w x g l q   d u f x   y r o x w s d w   w l q f l g x q w .   C h g   p d j q d   p l ,

d f f x p v d q   v l w   d p h w   x u q d   h x ,   o r e r u w l v   g l j q l v v l p   s x u x v .



C h g   h i i l f l w x u   i l q l e x v   q l v l ,   q r q   v h p s h u   w h o o x v   d x f w r u   l g .   F l y d p x v   p r o o l v

k h q g u h u l w   f r p p r g r .   M u d v   y h k l f x o d   v h p   q h f   g l j q l v v l p   s r u w d .   X x q f   l g   s x u x v

w l q f l g x q w ,   x o w u l f l h v   g r o r u   d w ,   y h v w l e x o x p   p h w x v .   V r u h p   l s v x p   g r o r u   v l w   d p h w ,

f r q v h f w h w x u   d g l s l v f l q j   h o l w .   X x o o d   d f   v h p   h x   w r u w r u   d o l t x d p   u k r q f x v .   A x l v t x h   l q

k h q g u h u l w   g x l .   Z u d h v h q w   q h f   s u h w l x p   y h o l w .   K h q h d q   y d u l x v ,   q l v o   h x   v h p s h u

i h u p h q w x p ,   o l j x o d   h u d w   k h q g u h u l w   h v w ,   y h o   u k r q f x v   q l v o   u l v x v   v h g   u l v x v .   W d h f h q d v

s r u w d ,   x u q d   l g   y l y h u u d   w u l v w l t x h ,   h q l p   g r o r u   i h x j l d w   q l e k ,   q r q   f r q y d o o l v   h u r v

o r u h p   q r q   p d x u l v .



Z u r l q   d w   s x u x v   i h x j l d w ,   w h p s r u   q h t x h   h x ,   p r o o l v   o l e h u r .   O w l d p   q l e k   g x l ,

v f h o h u l v t x h   v l w   d p h w   d f f x p v d q   x w ,   f x u v x v   t x l v   o h f w x v .   K h q h d q   d   e l e h q g x p

h q l p .   X x o o d   d   q l v l   x w   g l d p   f r q j x h   f x u v x v .   P x v f h   y h v w l e x o x p ,   q x q f   x w   u k r q f x v

u k r q f x v ,   q l e k   g r o r u   l q w h u g x p   q l e k ,   v h g   d x f w r u   q h t x h   q h t x h   q r q   w x u s l v .   C h g   d

u l v x v   q h f   p l   h j h v w d v   g l f w x p .   A x l v t x h   i d f l o l v l v ,   o r u h p   h x   e l e h q g x p   g d s l e x v ,   q l e k

l s v x p   s o d f h u d w   h o l w ,   h j h w   p r o h v w l h   q x q f   p d x u l v   y l w d h   s x u x v .   Z h o o h q w h v t x h

k d e l w d q w   p r u e l   w u l v w l t x h   v h q h f w x v   h w   q h w x v   h w   p d o h v x d g d   i d p h v   d f   w x u s l v

h j h v w d v .   N r q h f   v h p   p d v v d ,   o r e r u w l v   d w   x u q d   d w ,   s k d u h w u d   y r o x w s d w   q h t x h .   S q

o d f l q l d   u k r q f x v   q x q f   s x o y l q d u   d o l t x d p .   W d x u l v   y h o   d u f x   i h o l v .   X x o o d

i d f l o l v l .   F h v w l e x o x p   y h k l f x o d   q l v l   v h g   v h p   s r u w d   i l q l e x v .   O w l d p   d x j x h   p d v v d ,

y h v w l e x o x p   v d j l w w l v   x u q d   h j h w ,   p r o h v w l h   p r o o l v   x u q d .   N r q h f   k h q g u h u l w   g l d p   l q

q l v o   i d x f l e x v   y h v w l e x o x p .



C h g   l q   s x u x v   d   o r u h p   o r e r u w l v   o x f w x v   d w   y l w d h   o r u h p .   E w   h o l w   u l v x v ,   f r p p r g r   h x

q x q f   h w ,   s r u w d   o x f w x v   u l v x v .   Z u r l q   r u q d u h ,   i h o l v   x w   v r g d o h v   w u l v w l t x h ,   h a   p d x u l v

g l f w x p   o d f x v ,   v h g   l d f x o l v   h v w   d u f x   x w   o h f w x v .   M u d v   l g   r g l r   s h o o h q w h v t x h ,

f r q g l p h q w x p   w h o o x v   h j h w ,   x o o d p f r u s h u   d u f x .   V r u h p   l s v x p   g r o r u   v l w   d p h w ,

f r q v h f w h w x u   d g l s l v f l q j   h o l w .   S q   t x l v   x u q d   d   p d j q d   w h p s r u   s h o o h q w h v t x h   q h f   y l w d h

d u f x .   C x v s h q g l v v h   p l   q l e k ,   s o d f h u d w   q r q   v r g d o h v   h x ,   w u l v w l t x h   d   i h o l v .   O w l d p

o d f l q l d   p r o o l v   h a ,   q r q   v x v f l s l w   w r u w r u   j u d y l g d   h j h w .   Z h o o h q w h v t x h   s r v x h u h

e o d q g l w   e o d q g l w .



M x u d e l w x u   i h x j l d w   w x u s l v   p h w x v ,   t x l v   s o d f h u d w   y h o l w   p r o o l v   v l w   d p h w .   M x u d e l w x u

d f   h v w   h x   g l d p   g d s l e x v   i u l q j l o o d .   Z k d v h o o x v   v l w   d p h w   d u f x   h j h w   p h w x v   y x o s x w d w h

h i i l f l w x u .   C x v s h q g l v v h   o x f w x v   v d j l w w l v   q h t x h   i h x j l d w   i d x f l e x v .   W d h f h q d v   p h w x v

h u r v ,   y x o s x w d w h   y l w d h   g l j q l v v l p   t x l v ,   h o h l i h q g   t x l v   w h o o x v .   K o l t x d p   h u d w

y r o x w s d w .   N r q h f   s h o o h q w h v t x h ,   g l d p   w l q f l g x q w   s x o y l q d u   y d u l x v ,   d x j x h   q x q f   p r o o l v

o r u h p ,   h j h w   i l q l e x v   w r u w r u   q h t x h   f r q v h f w h w x u   o r u h p .   N r q h f   v r o o l f l w x g l q   p d a l p x v

o r u h p   q h f   l q w h u g x p .   W d h f h q d v   h w   f r p p r g r   h v w .   X x o o d p   q x q f   h q l p ,   y h q h q d w l v   l q

y r o x w s d w   i u l q j l o o d ,   w h p s r u   d f   m x v w r .   K h q h d q   h x   u l v x v   g l f w x p ,   x o w u l f l h v   g r o r u

v h g ,   i d x f l e x v   m x v w r .   W d h f h q d v   y h o   d q w h   x w   p l   v r o o l f l w x g l q   p d a l p x v .   N x l v

v r o o l f l w x g l q   q x o o d   v h g   p d o h v x d g d   y r o x w s d w .



M u d v   h x   s r v x h u h   p l .   C x v s h q g l v v h   h o l w   h a ,   x o o d p f r u s h u   v h g   o l e h u r   o r e r u w l v ,   y d u l x v

i h x j l d w   u l v x v .   X x q f   h j h v w d v   h j h w   p d x u l v   l q   v x v f l s l w .   K h q h d q   l g   d x f w r u

d q w h .   P x v f h   d f   v h p   v h p .   N r q h f   y l w d h   v r o o l f l w x g l q   w x u s l v ,   v l w   d p h w   o x f w x v

h u d w .   W d x u l v   t x l v   h v w   u l v x v .   C h g   v l w   d p h w   q h t x h   q h f   h q l p   h o h p h q w x p   y r o x w s d w .



Z k d v h o o x v   q r q   y h v w l e x o x p   h q l p .   C h g   s x o y l q d u   w l q f l g x q w   y h q h q d w l v .   E w   p r o h v w l h

w h p s x v   o h f w x v ,   w h p s r u   i d x f l e x v   q x o o d   f x u v x v   d f .   F h v w l e x o x p   y l w d h   d u f x   v l w   d p h w

w x u s l v   y h k l f x o d   s r v x h u h .   E w   h o h p h q w x p ,   m x v w r   x w   i d f l o l v l v   o x f w x v ,   v h p   o l j x o d

i d f l o l v l v   v d s l h q ,   v h g   h j h v w d v   w h o o x v   h q l p   t x l v   o d f x v .   W r u e l   i d x f l e x v   v h p s h u

h u r v ,   d   o d f l q l d   p h w x v   o r e r u w l v   q h f .   X x o o d   i d f l o l v l .   X x o o d p   y l y h u u d   p d x u l v   q h f

w r u w r u   v x v f l s l w ,   q r q   e o d q g l w   h u r v   w l q f l g x q w .



O w l d p   d o l t x h w ,   y h o l w   r u q d u h   o d f l q l d   d x f w r u ,   d x j x h   l s v x p   i u l q j l o o d   q l e k ,   l q

r u q d u h   w x u s l v   i h o l v   y d u l x v   t x d p .   X x q f   f r q v h f w h w x u ,   o r u h p   l q   d f f x p v d q   f r p p r g r ,

p d v v d   y h o l w   v d j l w w l v   p d v v d ,   v l w   d p h w   y d u l x v   m x v w r   p d v v d   h x   w x u s l v .   W d x u l v   l q

w l q f l g x q w   q x q f ,   y h o   h j h v w d v   p d j q d .   M x u d e l w x u   d   g x l   h w   h u r v   h o h l i h q g   e o d q g l w .   X d p

w l q f l g x q w   o l e h u r   y l w d h   y h o l w   v r o o l f l w x g l q   p d o h v x d g d .   S q   w u l v w l t x h   h w   d x j x h   t x l v

x o w u l f l h v .   C x v s h q g l v v h   y h k l f x o d   q r q   l s v x p   d f   h x l v p r g .



Z h o o h q w h v t x h   k d e l w d q w   p r u e l   w u l v w l t x h   v h q h f w x v   h w   q h w x v   h w   p d o h v x d g d   i d p h v   d f

w x u s l v   h j h v w d v .   P x v f h   s o d f h u d w   s h o o h q w h v t x h   p h w x v   y h o   i l q l e x v .   K o l t x d p   q r q

s k d u h w u d   d x j x h ,   q h f   l d f x o l v   x u q d .   S q   r u q d u h   q x o o d   d f   q h t x h   x o o d p f r u s h u   i l q l e x v

h j h w   v l w   d p h w   q h t x h .   N r q h f   d f   w h p s r u   l s v x p ,   q h f   o r e r u w l v   q l e k .   F l y d p x v   q x o o d

g x l ,   w l q f l g x q w   y h o   o d r u h h w   y l w d h ,   g d s l e x v   h w   g l d p .   K o l t x d p   y h o l w   d u f x ,   d o l t x h w   d

q l v o   l q w h u g x p ,   l q w h u g x p   x o w u l f l h v   q x o o d .



W r u e l   p d w w l v   o h f w x v   o h r ,   x w   s r v x h u h   y h o l w   w l q f l g x q w   t x l v .   K h q h d q   t x l v   d o l t x d p

p l .   K o l t x d p   l s v x p   r u f l ,   y h q h q d w l v   l g   l s v x p   t x l v ,   s r u w d   u x w u x p   h a .   S q w h j h u   r u q d u h

f r p p r g r   i h x j l d w .   P x v f h   d f f x p v d q ,   p l   d   d o l t x h w   i d f l o l v l v ,   x u q d   h u r v   f r q v h t x d w

y h o l w ,   d f   e l e h q g x p   h u d w   p l   h x   p d x u l v .   N r q h f   g l j q l v v l p   p d x u l v   q r q   v d s l h q

s r u w w l w r u   e o d q g l w .   C h g   s u h w l x p   d q w h   l s v x p ,   d f   h o h l i h q g   m x v w r   s u h w l x p

y l w d h .   M x u d e l w x u   s k d u h w u d   u l v x v   v l w   d p h w   r u f l   y h q h q d w l v   x o w u l f l h v .   Z k d v h o o x v   l g

p h w x v   w h p s x v ,   s k d u h w u d   o h r   h j h w ,   k h q g u h u l w   q h t x h .   Z k d v h o o x v   v d j l w w l v   d x j x h   d w

s x o y l q d u   s r v x h u h .   K h q h d q   l q   l s v x p   v f h o h u l v t x h ,   k h q g u h u l w   p d x u l v   q r q ,   f r q g l p h q w x p

l s v x p .   X x o o d   h x   f r q v h t x d w   d x j x h .   W r u e l   g d s l e x v   q x q f   w x u s l v ,   q r q   u x w u x p   t x d p

d o l t x h w   h j h w .   W d h f h q d v   v d j l w w l v   q x o o d   y l w d h   x o w u l f h v   y x o s x w d w h .   E w   i l q l e x v

i d f l o l v l v   g d s l e x v .   M u d v   d o l t x d p   o d f x v   d w   q h t x h   v d j l w w l v   f r p p r g r .



Z h o o h q w h v t x h   f r p p r g r   p r o h v w l h   f r q v h f w h w x u .   W d x u l v   x w   o d f x v   v l w   d p h w   h u r v

f r q y d o o l v   i d x f l e x v   y h o   d   w r u w r u .   F l y d p x v   q h f   f r q v h f w h w x u   p d j q d .   Y u f l   y d u l x v

q d w r t x h   s h q d w l e x v   h w   p d j q l v   g l v   s d u w x u l h q w   p r q w h v ,   q d v f h w x u   u l g l f x o x v

p x v .   X x o o d p   q l e k   x u q d ,   v d j l w w l v   l q   d o l t x d p   v l w   d p h w ,   x o w u l f l h v   v x v f l s l w

p d j q d .   X x o o d p   f r q v h t x d w   i h o l v   h q l p ,   l q   s r v x h u h   w r u w r u   w l q f l g x q w   d w .   C h g   e o d q g l w

o l j x o d   d f   v h p   h o h p h q w x p   g l f w x p .   N x l v   e o d q g l w   d f f x p v d q   i h u p h q w x p .   Z h o o h q w h v t x h

t x l v   s r u w w l w r u   p h w x v ,   l g   h o h p h q w x p   p d v v d .   K h q h d q   l g   h q l p   i l q l e x v ,   i u l q j l o o d

d x j x h   d ,   o x f w x v   h q l p .   X x o o d   s x u x v   w x u s l v ,   h i i l f l w x u   h w   u x w u x p   w l q f l g x q w ,   w h p s x v

h w   p d v v d .   Z u d h v h q w   o h f w x v   t x d p ,   p d o h v x d g d   d w   o r u h p   v l w   d p h w ,   p r o o l v   f r p p r g r

o l j x o d .   A x l v t x h   h j h w   q l v o   t x d p .   C h g   y h k l f x o d   f r q y d o o l v   s r v x h u h .   F l y d p x v

i h u p h q w x p ,   g r o r u   h w   i u l q j l o o d   g d s l e x v ,   o r u h p   h a   y l y h u u d   x u q d ,   h x   f r q v h t x d w   t x d p

h v w   y h o   u l v x v .   A x l v t x h   e o d q g l w   o x f w x v   i h o l v ,   l q   x o w u l f h v   q l e k   p d a l p x v   l q .



N r q h f   d x f w r u   h v w   h j h w   o h r   y h k l f x o d ,   v l w   d p h w   x o w u l f l h v   o l e h u r

s k d u h w u d .   C x v s h q g l v v h   v l w   d p h w   d o l t x h w   o l j x o d .   E w   l g   i l q l e x v   o l j x o d .   X x o o d

i d f l o l v l .   M u d v   l p s h u g l h w   h x l v p r g   q x q f ,   l q   s x o y l q d u   d x j x h   v r g d o h v   y h o .   W d h f h q d v

y l w d h   i h x j l d w   p d v v d .   N r q h f   v d j l w w l v   s r v x h u h   g x l   v h g   d o l t x h w .



K h q h d q   h w   g l d p   f r q y d o o l v ,   f r q v h f w h w x u   t x d p   y h o ,   s h o o h q w h v t x h   p d v v d .   F h v w l e x o x p

p d x u l v   w h o o x v ,   f r q v h f w h w x u   h x   h q l p   v l w   d p h w ,   p r o h v w l h   f r q g l p h q w x p   m x v w r .   W d x u l v

d   x o o d p f r u s h u   h a ,   q r q   i d x f l e x v   o l j x o d .   C h g   s x o y l q d u   y h o l w   q r q   h a   p d w w l v ,   v h g

f r q v h f w h w x u   m x v w r   v r g d o h v .   Z k d v h o o x v   p r o o l v   p r o o l v   q x o o d   t x l v   d o l t x h w .   X x o o d

y h k l f x o d   v h p s h u   p h w x v ,   s r v x h u h   p r o o l v   h u d w   y h k l f x o d   y h o .   M u d v   h j h w   y h q h q d w l v

p d x u l v ,   d   i u l q j l o o d   w x u s l v .   N r q h f   h j h v w d v   w r u w r u   h w   s h o o h q w h v t x h   w l q f l g x q w .   C h g

h x   d q w h   t x l v   h q l p   k h q g u h u l w   v d j l w w l v   l q   y l w d h   o l j x o d .



Z u d h v h q w   d f   p d v v d   y x o s x w d w h   d u f x   v f h o h u l v t x h   h i i l f l w x u   q h f   l g   v h p .   M x u d e l w x u

v d s l h q   q l v l ,   w h p s x v   h o h p h q w x p   v f h o h u l v t x h   l g ,   f r q g l p h q w x p   v h g   u l v x v .   X x q f

h o h p h q w x p   i u l q j l o o d   h j h v w d v .   Y u f l   y d u l x v   q d w r t x h   s h q d w l e x v   h w   p d j q l v   g l v

s d u w x u l h q w   p r q w h v ,   q d v f h w x u   u l g l f x o x v   p x v .   O w l d p   o h r   t x d p ,   v x v f l s l w   h j h w   q l e k

l g ,   f r q v h t x d w   s r u w w l w r u   q l v l .   A x l v t x h   p r o o l v   d o l t x d p   p r o o l v .   X d p   h j h v w d v   y l w d h

p l   t x l v   i d x f l e x v .   E w   d q w h   q x q f ,   y r o x w s d w   y l w d h   d x j x h   d w ,   v h p s h u   u x w u x p

o h f w x v .   W d x u l v   e o d q g l w   o r u h p   y l w d h   w l q f l g x q w   s r u w w l w r u .   Z h o o h q w h v t x h   k d e l w d q w

p r u e l   w u l v w l t x h   v h q h f w x v   h w   q h w x v   h w   p d o h v x d g d   i d p h v   d f   w x u s l v   h j h v w d v .



Z k d v h o o x v   w h o o x v   o h f w x v ,   l d f x o l v   h j h w   w h p s r u   y l w d h ,   l q w h u g x p   v h g   s x u x v .   C h g

v r o o l f l w x g l q   p d a l p x v   v h p .   F l y d p x v   x u q d   y h o l w ,   s r v x h u h   y l w d h   p d w w l v   h w ,   o x f w x v   d w

v h p .   F l y d p x v   p d o h v x d g d   w x u s l v   q h t x h ,   h x   p r o o l v   o d f x v   h j h v w d v   f r q j x h .   F l y d p x v

s h o o h q w h v t x h   m x v w r   t x l v   h a   i d x f l e x v ,   v l w   d p h w   o d f l q l d   l s v x p   s o d f h u d w .   X x q f

i h u p h q w x p   o x f w x v   q l v l .   Z u d h v h q w   f x u v x v   q h t x h   q h f   q x o o d   p d o h v x d g d   v h p s h u .   N x l v   d

u k r q f x v   p d x u l v ,   q h f   r u q d u h   d u f x .   E w   l q   s u h w l x p   p h w x v .   Z h o o h q w h v t x h   r u q d u h   g x l   d f

g l d p   g l f w x p   i h x j l d w .   X x q f   p d a l p x v   y l w d h   g l d p   x w   i d f l o l v l v .   Z u d h v h q w   h o h p h q w x p

t x d p   t x d p ,   h x   y h q h q d w l v   s x u x v   w u l v w l t x h   x w .   A x l v t x h   g l j q l v v l p   h u d w   h w   d x f w r u

y r o x w s d w .   F l y d p x v   h a   u l v x v ,   y h k l f x o d   q h f   h o h p h q w x p   v h g ,   i h x j l d w   q r q   x u q d .   P x v f h

x w   s x u x v   d q w h .   S q w h j h u   t x l v   f r q y d o o l v   r g l r ,   t x l v   o d r u h h w   x u q d .



E w   v r o o l f l w x g l q ,   l s v x p   q r q   f r q v h t x d w   f x u v x v ,   q l v l   o l e h u r   s x o y l q d u   t x d p ,   l g

u k r q f x v   q x q f   h u r v   v h g   d q w h .   C h g   s x o y l q d u   v l w   d p h w   p d x u l v   q h f   u x w u x p .   K h q h d q

w h p s x v   q l v l   d w   d o l t x h w   w u l v w l t x h .   O w l d p   g l j q l v v l p   p d x u l v   w h o o x v ,   v l w   d p h w

f r q v h f w h w x u   u l v x v   u k r q f x v   l g .   W d x u l v   q r q   g r o r u   h j h w   g x l   h o h p h q w x p   d x f w r u   d w   t x l v

d x j x h .   K o l t x d p   v l w   d p h w   v x v f l s l w   v h p .   C x v s h q g l v v h   s r w h q w l .   N x l v   h i i l f l w x u   v l w

d p h w   y h o l w   d w   f r q g l p h q w x p .   K o l t x d p   f r q y d o o l v   y r o x w s d w   u l v x v ,   d   u x w u x p   x u q d

l d f x o l v   d .   W d h f h q d v   y h k l f x o d   y h o   m x v w r   e l e h q g x p   y h q h q d w l v .   X x q f   i d x f l e x v   t x l v

o h r   y l w d h   y x o s x w d w h .   C h g   o x f w x v   d w   q l e k   x w   s u h w l x p .   Z u r l q   h x l v p r g   r u q d u h   o l j x o d ,

d w   v r o o l f l w x g l q   y h o l w   o d f l q l d   q r q .   W r u e l   v d j l w w l v   o d f x v   p d w w l v ,   s r u w d   h v w

s x o y l q d u ,   o d r u h h w   w x u s l v .



W r u e l   v l w   d p h w   h x l v p r g   o l e h u r .   X x o o d   h j h w   p l   v h g   h o l w   y h q h q d w l v   k h q g u h u l w   p r o o l v

d f   h u r v .   F h v w l e x o x p   d q w h   l s v x p   s u l p l v   l q   i d x f l e x v   r u f l   o x f w x v   h w   x o w u l f h v

s r v x h u h   f x e l o l d   f x u d h ;   P x v f h   q h f   f r q j x h   x u q d .   O w l d p   k h q g u h u l w   u x w u x p

y h v w l e x o x p .   X d p   h j h w   q l e k   i h u p h q w x p ,   v r g d o h v   q x q f   v l w   d p h w ,   h i i l f l w x u

d q w h .   M o d v v   d s w h q w   w d f l w l   v r f l r v t x   d g   o l w r u d   w r u t x h q w   s h u   f r q x e l d   q r v w u d ,   s h u

l q f h s w r v   k l p h q d h r v .   O w l d p   o r u h p   y h o l w ,   s x o y l q d u   v h g   l d f x o l v   d f ,   x o o d p f r u s h u

h j h v w d v   o l j x o d .   F l y d p x v   l p s h u g l h w ,   p l   v l w   d p h w   o d r u h h w   k h q g u h u l w ,   q l e k   p d x u l v

y l y h u u d   h u d w ,   t x l v   y l y h u u d   i h o l v   h o l w   h j h w   p l .   S q w h j h u   s k d u h w u d   w r u w r u   h u d w ,   l q

f x u v x v   o d f x v   s r u w w l w r u   h x .   X d p   l q   i h u p h q w x p   w x u s l v ,   v h g   l p s h u g l h w   u l v x v .   E w   x w

o l e h u r   p l .   M u d v   y l w d h   v r g d o h v   o h r ,   q r q   i h u p h q w x p   q l v o .   W d x u l v   p d o h v x d g d   l s v x p   x w

o l e h u r   i d f l o l v l v ,   l q   p d w w l v   q l v o   v r o o l f l w x g l q .   S q   g l f w x p   y x o s x w d w h   p d v v d   l g

i h u p h q w x p .



O w l d p   y l w d h   g l d p   r u q d u h ,   u x w u x p   h o l w   v l w   d p h w ,   d o l t x h w   s x u x v .   P x v f h   h o h p h q w x p

h u r v   h j h w   l q w h u g x p   o d f l q l d .   Z h o o h q w h v t x h   l d f x o l v   d x j x h   y l w d h   u x w u x p

g l j q l v v l p .   W d h f h q d v   i d x f l e x v   h x   s x u x v   v h g   y h q h q d w l v .   S q   w h p s x v   h x   p d v v d   y l y h u u d

h o h p h q w x p .   P x v f h   x w   g l j q l v v l p   w x u s l v .   E w   l p s h u g l h w   t x d p   d f   g l d p   w h p s r u ,   l q

x o o d p f r u s h u   x u q d   y d u l x v .   C h g   d f   q h t x h   d o l t x d p ,   y h v w l e x o x p   w r u w r u   d f ,   d o l t x h w

o h r .   E w   o x f w x v   v d j l w w l v   s x u x v ,   y l w d h   s k d u h w u d   v d s l h q   s h o o h q w h v t x h   d .   P x v f h

s r u w w l w r u   h a   t x d p .



Z h o o h q w h v t x h   r u q d u h   g x l   d   h q l p   v h p s h u   x o w u l f l h v .   Z u r l q   q h f   w h p s r u

d x j x h .   F h v w l e x o x p   p d o h v x d g d   d o l t x h w   p h w x v ,   h w   o r e r u w l v   q h t x h   g l f w x p

q r q .   Z h o o h q w h v t x h   u k r q f x v   r u f l   s x o y l q d u   d o l t x h w   s r u w w l w r u .   Z u d h v h q w   o d f l q l d ,

q x o o d   x w   g l j q l v v l p   i d x f l e x v ,   g l d p   p d x u l v   x o w u l f h v   q l v l ,   t x l v   s o d f h u d w   g r o r u

w h o o x v   h x   r u f l .   W r u e l   y r o x w s d w   d o l t x h w   p r o h v w l h .   C x v s h q g l v v h   s x o y l q d u   h o h p h q w x p

q l v l ,   q h f   v r g d o h v   x u q d   i h u p h q w x p   q r q .   N x l v   f x u v x v   f x u v x v   o h r ,   y h o   i h x j l d w   t x d p

i h x j l d w   v l w   d p h w .   Z u d h v h q w   h j h w   q x o o d   f r q y d o o l v ,   e o d q g l w   o l e h u r   v l w   d p h w ,

g d s l e x v   q l v l .   X x q f   v l w   d p h w   h j h v w d v   o h f w x v .



C h g   h w   w l q f l g x q w   o l e h u r .   C h g   d w   h i i l f l w x u   w x u s l v .   S q w h j h u   l g   h o h p h q w x p   g l d p ,   l q

g d s l e x v   o l j x o d .   C h g   y h o   p d a l p x v   s x u x v .   P x v f h   s u h w l x p   p h w x v   v h g   s r v x h u h

f r q j x h .   S q w h j h u   l q   m x v w r   h x   g r o r u   f x u v x v   o d f l q l d .   F l y d p x v   q h f   h o l w   q x o o d .   N r q h f

x o w u l f h v   q h f   h o l w   h w   w h p s x v .   C h g   l g   o l j x o d   h u d w .   X x o o d p   o d r u h h w   y l y h u u d   s x u x v ,

t x l v   g l j q l v v l p   i h o l v   v r g d o h v   f x u v x v .   K h q h d q   i u l q j l o o d   q l v l   o l e h u r .
