
        ?Kr                         ?Kr Uu                                 Y Uu
        KPu                         KPu Os                          EGI    + Os
        p^m                   C]    p^m 0J uX            uX         8]c    N 0J
   )4=y \M0 )& (F" Q<    )4=y _4 Q< \M0 \= pk    )& Nd/r pk Q< )4=y v-4 Q< P \= Nd/r
\R ud5' h70    sl< 1V >+ ud5' uA 1V h70 gL Fa +N         Fa 1V ud5'     1V x gL
E  sS^!        }*j it    sS^! Qi it        5W Iy         5W it sS^!     it
;_ NBB~            .g    NBB~ 5o .g        4i j~         4i .g NBB~     .g
m^ 1I}^            Ry    1I}^    Ry           LJ            Ry 1I}^     Ry
Rh


                        Uu                 ^*
                        Os                 uT                                    Y
          C]       k0]~ 0J         C]   vy \&       k0]~                      C] ? uX
     )4=y _4 Q<    soi% \=    Q<   _4 f p' W3 Q<    soi% )& Q<   f     Q<     _4 K pk
,Lnj ud5' uA 1V +N W<JI gL +N 1V b uA   Pj wb 1V +N W<JI    1V b   bN7 1V bN7 uA   Fa
     sS^! Qi it Iy i.ED    Iy it   Qi         it Iy i.ED    it         it     Qi   5W
     NBB~ 5o .g j~ =M7>    j~ .g   5o         .g j~ =M7>    .g         .g     5o   4i
     1I}^    Ry LJ         LJ Ry              Ry LJ         Ry         Ry



                        Uu                 ^*                  ^*    Uu                   Uu
                        Os                 uT                  uT    Os                   Os Y
          C]       k0]~ 0J         C]   vy \&       k0]~       \&    0J    k0]~        vy 0J ?    uX
     )4=y _4 Q<    soi% \=    Q<   _4 f p' W3 Q<    soi% )& Q< W3 )& \=    soi% Q< q=^ p' \= K )& pk
,Lnj ud5' uA 1V +N W<JI gL +N 1V b uA   Pj wb 1V +N W<JI    1V wb    gL +N W<JI 1V %~B Pj gL      Fa
     sS^! Qi it Iy i.ED    Iy it   Qi         it Iy i.ED    it          Iy i.ED it 9>x            5W
     NBB~ 5o .g j~ =M7>    j~ .g   5o         .g j~ =M7>    .g          j~ =M7> .g &g*            4i
     1I}^    Ry LJ         LJ Ry              Ry LJ         Ry          LJ      Ry



                        Uu                 ^*    Uu                               ?Kr
                        Os                 uT    Os                               KPu
          C]       k0]~ 0J         C]   vy \&    0J vy vy       k0]~              p^m   uX
     )4=y _4 Q<    soi% \=    Q<   _4 f p' W3 Q< \= p' p' Q<    soi% )& Q<   )4=y \M0   pk
,Lnj ud5' uA 1V +N W<JI gL +N 1V b uA   Pj wb 1V gL Pj Pj 1V +N W<JI    1V b ud5' h70 b Fa
     sS^! Qi it Iy i.ED    Iy it   Qi         it          it Iy i.ED    it   sS^!       5W
     NBB~ 5o .g j~ =M7>    j~ .g   5o         .g          .g j~ =M7>    .g   NBB~       4i
     1I}^    Ry LJ         LJ Ry              Ry          Ry LJ         Ry   1I}^














                        Uu              ^*                     ^*    Y Uu
                        Os              uT                   Y uT    + Os
          C]       k0]~ 0J       k0]~   \&            k0]~   ? \&    N 0J vy vy uX
     )4=y _4 Q<    soi% \=    Q< soi% f W3 )& Q<   )& soi% f K W3 Q< P \= p' p' pk
,Lnj ud5' uA 1V +N W<JI gL +N 1V W<JI   wb    1V b    W<JI     wb 1V x gL Pj Pj Fa
     sS^! Qi it Iy i.ED    Iy it i.ED         it      i.ED        it            5W
     NBB~ 5o .g j~ =M7>    j~ .g =M7>         .g      =M7>        .g            4i
     1I}^    Ry LJ         LJ Ry              Ry                  Ry



                        Uu              ^*                     ^*    ^*       CU],
                        Os              uT                   Y uT    uT       k%hw
          C]       k0]~ 0J       k0]~   \&            k0]~   ? \&    \&    uX R.>> uX
     )4=y _4 Q<    soi% \=    Q< soi% f W3 )& Q<   )& soi% f K W3 Q< W3 )& pk o>}v pk
,Lnj ud5' uA 1V +N W<JI gL +N 1V W<JI   wb    1V b    W<JI     wb 1V wb    Fa      Fa
     sS^! Qi it Iy i.ED    Iy it i.ED         it      i.ED        it       5W      5W
     NBB~ 5o .g j~ =M7>    j~ .g =M7>         .g      =M7>        .g       4i      4i
     1I}^    Ry LJ         LJ Ry              Ry                  Ry



       \\             Y Uu                                  CU],        Y
       k/             + Os Y                                k%hw Y      +
       a- C] uX       N 0J ?               C]               R.>> ?      N
s5_ Q< QZ _4 pk    Q< P \= K    Q<    )4=y _4 Q<    )4=y Q< o>}v K )4=y P
y"S 1V    uA Fa +N 1V x gL   +N 1V >+ ud5' uA 1V +N ud5' 1V        ud5' x
    it    Qi 5W Iy it        Iy it    sS^! Qi it Iy sS^! it        sS^!
    .g    5o 4i j~ .g        j~ .g    NBB~ 5o .g j~ NBB~ .g        NBB~
    Ry          LJ Ry        LJ Ry    1I}^    Ry LJ 1I}^ Ry        1I}^



            Uu                                                                      ?Kr Uu    CU],
            Os Y                                                                    KPu Os    k%hw
            0J ?    uX             k0]~           C]     k0]~            C]         p^m 0J uX R.>> uX
s5_ Q<      \= K Q< pk )& )& Q<    soi% Nd/r )4=y _4     soi% Q<    )4=y _4 Nd/r Q< \M0 \= pk o>}v pk
y"S 1V Qzh> gL   1V Fa       1V +N W<JI      ud5' uA bN7 W<JI 1V >+ ud5' uA      1V h70 gL Fa      Fa
    it lX1N      it 5W       it Iy i.ED      sS^! Qi     i.ED it    sS^! Qi      it        5W      5W
    .g T|fJ      .g 4i       .g j~ =M7>      NBB~ 5o     =M7> .g    NBB~ 5o      .g        4i      4i
    Ry Ob,7      Ry          Ry LJ           1I}^             Ry    1I}^         Ry














                        Uu                           ^*
                        Os       Y                   uT      Y       Y                Y
          C]       k0]~ 0J       ?                   \&      ?       ?         k0]~   ?
     )4=y _4 Q<    soi% \=    Q< K )& =_4 )& Nd/r Q< W3 )4=y K )& Q< K )4=y    soi% f K ty5
,Lnj ud5' uA 1V +N W<JI gL +N 1V      eKV         1V wb ud5'      1V   ud5' +N W<JI     (ie
     sS^! Qi it Iy i.ED    Iy it      O1o         it    sS^!      it   sS^! Iy i.ED     hNu
     NBB~ 5o .g j~ =M7>    j~ .g                  .g    NBB~      .g   NBB~ j~ =M7>     fdW
     1I}^    Ry LJ         LJ Ry                  Ry    1I}^      Ry   1I}^ LJ          B5H


TM
B3                    ^*               ^*
E%                    uT               uT
YF C]         C]   vy \&               \&    uX
s- _4    Q<   _4 f p' W3 Q<    )4=y Q< W3 )& pk    Nd/r )4=y
   uA +N 1V b uA   Pj wb 1V +N ud5' 1V wb    Fa +N      ud5' >+
   Qi Iy it   Qi         it Iy sS^! it       5W Iy      sS^!
   5o j~ .g   5o         .g j~ NBB~ .g       4i j~      NBB~
      LJ Ry              Ry LJ 1I}^ Ry          LJ      1I}^



                       Uu       Y              ?Kr       Y              ^*
                       Os       +              KPu       +              uT
          C]        vy 0J       N      k0]~    p^m       N           vy \&
     )4=y _4 Q< q=^ p' \=    Q< P f    soi% Q< \M0    Q< P )4=y Nd/r p' W3
,Lnj ud5' uA 1V %~B Pj gL >+ 1V x   +N W<JI 1V h70 >+ 1V x ud5'      Pj wb
     sS^! Qi it 9>x          it     Iy i.ED it        it   sS^!
     NBB~ 5o .g &g*          .g     j~ =M7> .g        .g   NBB~
     1I}^    Ry              Ry     LJ      Ry        Ry   1I}^



    CU],
    k%hw
    R.>>                uX            C]         vy         vy
] f o>}v )& Q< f    ty5 pk Q<    )4=y _4 Nd/r Q< p' f       p' )& Q<    )4=y
c           1V   +N (ie Fa 1V >+ ud5' uA      1V Pj   +N +N Pj    1V +N ud5' >+
            it   Iy hNu 5W it    sS^! Qi      it      Iy Iy       it Iy sS^!
            .g   j~ fdW 4i .g    NBB~ 5o      .g      j~ j~       .g j~ NBB~
            Ry   LJ B5H    Ry    1I}^         Ry      LJ LJ       Ry LJ 1I}^














                             Uu                       ?Kr            Uu   ^*
                             Os           Y      Y    KPu            Os Y uT
          C]        C]       0J        C] ?      ?    p^m       k0]~ 0J ? \&
     )4=y _4 Q< q=^ _4    Q< \= Q<     _4 K Q< f K Q< \M0    Q< soi% \= K W3
,Lnj ud5' uA 1V %~B uA +N 1V gL 1V bN7 uA   1V     1V h70 >+ 1V W<JI gL   wb
     sS^! Qi it 9>x Qi Iy it    it     Qi   it     it        it i.ED
     NBB~ 5o .g &g* 5o j~ .g    .g     5o   .g     .g        .g =M7>
     1I}^    Ry        LJ Ry    Ry          Ry     Ry        Ry



      ^*                         ^*                     ?Kr    ?Kr
p3^ Y uT                         uT       EGI           KPu    KPu
?"5 ? \&            C]    k0]~   \&       8]c           p^m    p^m                uX
kth K W3 Q<    )4=y _4 Q< soi% f W3 )& Q< v-4 Nd/r )4=y \M0 Q< \M0    Q< )&    )& pk
      wb 1V >+ ud5' uA 1V W<JI   wb    1V          ud5' h70 1V h70 >+ 1V    >+    Fa
         it    sS^! Qi it i.ED         it          sS^!     it        it          5W
         .g    NBB~ 5o .g =M7>         .g          NBB~     .g        .g          4i
         Ry    1I}^    Ry              Ry          1I}^     Ry        Ry



      ^*                                  Uu   ^*                     Uu
p3^ Y uT                             Y    Os Y uT            Y    EGI Os
?"5 ? \&            C]       C]      ?    0J ? \&         C] ?    8]c 0J         k0]~
kth K W3 Q<    )4=y _4 Q<    _4 Nd/r K Q< \= K W3 Q< Nd/r _4 K Q< v-4 \= Nd/r    soi% )& Nd/r
      wb 1V >+ ud5' uA 1V +N uA        1V gL   wb 1V      uA   1V     gL      +N W<JI
         it    sS^! Qi it Iy Qi        it         it      Qi   it             Iy i.ED
         .g    NBB~ 5o .g j~ 5o        .g         .g      5o   .g             j~ =M7>
         Ry    1I}^    Ry LJ           Ry         Ry           Ry             LJ



                                  Uu
           Y                  EGI Os                                 EGI
   k0]~    ?       k0]~       8]c 0J uX         C] vy vy       uX    8]c vy
   soi% )& K Q<    soi% )& Q< v-4 \= pk    Q<   _4 p' p' )&    pk Q< v-4 p'
d- W<JI      1V +N W<JI    1V     gL Fa +N 1V b uA Pj Pj    +N Fa 1V     Pj >+
HJ i.ED      it Iy i.ED    it        5W Iy it   Qi          Iy 5W it
x= =M7>      .g j~ =M7>    .g        4i j~ .g   5o          j~ 4i .g
             Ry LJ         Ry           LJ Ry               LJ    Ry














    CU],              ^* Uu                           ^*
    k%hw       bG>    uT Os            EGI            uT
    R.>>       Y=0 C] \& 0J uX         8]c         vy \&
] f o>}v )& Q< .xq _4 W3 \= pk Q< )4=y v-4 Q< )4=y p' W3
c           1V ss9 uA wb gL Fa 1V ud5'     1V ud5' Pj wb
            it     Qi       5W it sS^!     it sS^!
            .g     5o       4i .g NBB~     .g NBB~
            Ry                 Ry 1I}^     Ry 1I}^



                           Uu   ^*    ^*
                           Os Y uT    uT
          C]    vy         0J ? \&    \&
     )4=y _4 Q< p' f )& Q< \= K W3 Q< W3 )&      )& f =_4 )&
,Lnj ud5' uA 1V Pj      1V gL   wb 1V wb    Qzh>      eKV
     sS^! Qi it         it         it       lX1N      O1o
     NBB~ 5o .g         .g         .g       T|fJ
     1I}^    Ry         Ry         Ry       Ob,7



       Y              ^*    Y Uu              Uu              Y
p3^    +              uT    + Os              Os Y            +      Y
?"5    N           vy \&    N 0J              0J ?            N      ?
kth Q< P )4=y Nd/r p' W3 Q< P \= Nd/r Q<      \= K Q<   )& Q< P )4=y K
    1V x ud5'      Pj wb 1V x gL      1V Qzh> gL   1V b    1V x ud5'
    it   sS^!            it           it lX1N      it      it   sS^!
    .g   NBB~            .g           .g T|fJ      .g      .g   NBB~
    Ry   1I}^            Ry           Ry Ob,7      Ry      Ry   1I}^



                Y Uu         ?Kr
                + Os Y       KPu
          C]    N 0J ?       p^m                       vy
     )4=y _4 Q< P \= K    Q< \M0 )& Q<    )4=y Q<   )& p' f )& =_4 )&
,Lnj ud5' uA 1V x gL   +N 1V h70    1V +N ud5' 1V b    Pj      eKV
     sS^! Qi it        Iy it        it Iy sS^! it              O1o
     NBB~ 5o .g        j~ .g        .g j~ NBB~ .g
     1I}^    Ry        LJ Ry        Ry LJ 1I}^ Ry













TM
B3
E%
YF C]              uX             k0]~           C]     k0]~            C]                  uX
s- _4    Q< s5_ Q< pk )& )& Q<    soi% Nd/r )4=y _4     soi% Q<    )4=y _4 Nd/r Q< )&    )& pk
   uA +N 1V y"S 1V Fa       1V +N W<JI      ud5' uA bN7 W<JI 1V >+ ud5' uA      1V    >+    Fa
   Qi Iy it     it 5W       it Iy i.ED      sS^! Qi     i.ED it    sS^! Qi      it          5W
   5o j~ .g     .g 4i       .g j~ =M7>      NBB~ 5o     =M7> .g    NBB~ 5o      .g          4i
      LJ Ry     Ry          Ry LJ           1I}^             Ry    1I}^         Ry



      ^*                                                                                  Uu
p3^ Y uT                                                                                  Os   Y
?"5 ? \&           uX             k0]~           C]     k0]~            C]                0J   ?
kth K W3 Q< s5_ Q< pk )& )& Q<    soi% Nd/r )4=y _4     soi% Q<    )4=y _4 Nd/r Q<   Nd/r \= f K
      wb 1V y"S 1V Fa       1V +N W<JI      ud5' uA bN7 W<JI 1V >+ ud5' uA      1V b      gL
         it     it 5W       it Iy i.ED      sS^! Qi     i.ED it    sS^! Qi      it
         .g     .g 4i       .g j~ =M7>      NBB~ 5o     =M7> .g    NBB~ 5o      .g
         Ry     Ry          Ry LJ           1I}^             Ry    1I}^         Ry



    CU],                                                                         Y Uu
    k%hw                                                                         + Os
    R.>>              uX             k0]~           C]     k0]~       k0]~       N 0J
] f o>}v )& Q< s5_ Q< pk )& )& Q<    soi% Nd/r )4=y _4     soi% Q<    soi% )& Q< P \=    )& Nd/r
c           1V y"S 1V Fa       1V +N W<JI      ud5' uA bN7 W<JI 1V +N W<JI    1V x gL +N
            it     it 5W       it Iy i.ED      sS^! Qi     i.ED it Iy i.ED    it      Iy
            .g     .g 4i       .g j~ =M7>      NBB~ 5o     =M7> .g j~ =M7>    .g      j~
            Ry     Ry          Ry LJ           1I}^             Ry LJ         Ry      LJ



       Uu                       ^*      Y      ?Kr       ^*      Uu
       Os               Y       uT      + Y    KPu       uT      Os   Y
0 k0]~ 0J            C] ? uX    \&      N ?    p^m       \&      0J   ?
^ soi% \=    Q< Nd/r _4 K pk Q< W3 )4=y P K Q< \M0    Q< W3 Nd/r \= f K
. W<JI gL +N 1V      uA   Fa 1V wb ud5' x   1V h70 >+ 1V wb      gL
k i.ED    Iy it      Qi   5W it    sS^!     it        it
  =M7>    j~ .g      5o   4i .g    NBB~     .g        .g
          LJ Ry              Ry    1I}^     Ry        Ry














                    Uu               Uu
                EGI Os          Y    Os
          C]    8]c 0J uX       ?    0J vy vy       k0]~                                 uX
     )4=y _4 Q< v-4 \= pk    )& K Q< \= p' p' Q<    soi% )& Q<    Nd/r f         )& Nd/r pk
,Lnj ud5' uA 1V     gL Fa +N      1V gL Pj Pj 1V +N W<JI    1V +N        bN7 bN7         Fa
     sS^! Qi it        5W Iy      it          it Iy i.ED    it Iy                        5W
     NBB~ 5o .g        4i j~      .g          .g j~ =M7>    .g j~                        4i
     1I}^    Ry           LJ      Ry          Ry LJ         Ry LJ


{)T
9^j
(s^                                                                  EGI
S~_                 k0]~               k0]~         uX               8]c
'[u )4=y Nd/r Q<    soi% )& Q< )4=y    soi% )& Nd/r pk Q<    )4=y Q< v-4 f Nd/r )&
    ud5'      1V +N W<JI    1V ud5' +N W<JI         Fa 1V +N ud5' 1V
    sS^!      it Iy i.ED    it sS^! Iy i.ED         5W it Iy sS^! it
    NBB~      .g j~ =M7>    .g NBB~ j~ =M7>         4i .g j~ NBB~ .g
    1I}^      Ry LJ         Ry 1I}^ LJ                 Ry LJ 1I}^ Ry



                                          Uu      CU],    Uu   ^*    Y Uu
          Y                               Os      k%hw    Os Y uT    + Os
0 k0]~    ?            C]    uX           0J      R.>>    0J ? \&    N 0J         k0]~
^ soi% )& K Q<    )4=y _4 Q< pk f    Q<   \=      o>}v Q< \= K W3 Q< P \=         soi%
. W<JI      1V >+ ud5' uA 1V Fa   +N 1V b gL Qzh>      1V gL   wb 1V x gL +N Qzh> W<JI
k i.ED      it    sS^! Qi it 5W   Iy it      lX1N      it         it      Iy lX1N i.ED
  =M7>      .g    NBB~ 5o .g 4i   j~ .g      T|fJ      .g         .g      j~ T|fJ =M7>
            Ry    1I}^    Ry      LJ Ry      Ob,7      Ry         Ry      LJ Ob,7



                                 ^*    Uu
                                 uT    Os                         Y
   k0]~   vy          k0]~       \&    0J    k0]~              C] ?                 uX    k0]~       k0]~
   soi% f p' )& Q<    soi% )& Q< W3 )& \=    soi% Q<      )4=y _4 K    Q<     )&    pk Q< soi% f     soi% )& Nd/r
d- W<JI   Pj    1V +N W<JI    1V wb    gL +N W<JI 1V Qzh> ud5' uA   +N 1V bN7    +N Fa 1V W<JI   bN7 W<JI
HJ i.ED         it Iy i.ED    it          Iy i.ED it lX1N sS^! Qi   Iy it        Iy 5W it i.ED       i.ED
x= =M7>         .g j~ =M7>    .g          j~ =M7> .g T|fJ NBB~ 5o   j~ .g        j~ 4i .g =M7>       =M7>
                Ry LJ         Ry          LJ      Ry Ob,7 1I}^      LJ Ry        LJ    Ry














                       ^*                                 ?Kr Uu
                       uT         Y                       KPu Os Y           Y
          C]    k0]~   \&         ?            C]         p^m 0J ? uX        ?
     )4=y _4 Q< soi% f W3 )& Q< f K Q<    )4=y _4 Nd/r Q< \M0 \= K pk f )4=y K
,Lnj ud5' uA 1V W<JI   wb    1V     1V >+ ud5' uA      1V h70 gL   Fa   ud5'
     sS^! Qi it i.ED         it     it    sS^! Qi      it          5W   sS^!
     NBB~ 5o .g =M7>         .g     .g    NBB~ 5o      .g          4i   NBB~
     1I}^    Ry              Ry     Ry    1I}^         Ry               1I}^



                                                                                                    ^*
                                            Y                                                       uT
   k0]~   vy          k0]~               C] ?                        vy    uX          vy           \&
   soi% f p' )& Q<    soi% )& Q<    )4=y _4 K     Q< q=^ )& )4=y q=^ p' )& pk ty5 Q<   p' )4=y )4=y W3
d- W<JI   Pj    1V +N W<JI    1V >+ ud5' uA   bN7 1V %~B    ud5' %~B Pj    Fa (ie 1V b Pj ud5' ud5' wb
HJ i.ED         it Iy i.ED    it    sS^! Qi       it 9>x    sS^! 9>x       5W hNu it      sS^! sS^!
x= =M7>         .g j~ =M7>    .g    NBB~ 5o       .g &g*    NBB~ &g*       4i fdW .g      NBB~ NBB~
                Ry LJ         Ry    1I}^          Ry        1I}^              B5H Ry      1I}^ 1I}^


{)T
9^j         Y                                                             ^*
(s^         +                          EGI                                uT
S~_ vy      N uX         C]            8]c       k0]~                     \&      uX
'[u p' )4=y P pk Q< )4=y _4    Q< )4=y v-4 Q<    soi% )& f Nd/r Q<   )4=y W3 f )& pk
    Pj ud5' x Fa 1V ud5' uA +N 1V ud5'     1V +N W<JI           1V b ud5' wb      Fa
       sS^!   5W it sS^! Qi Iy it sS^!     it Iy i.ED           it   sS^!         5W
       NBB~   4i .g NBB~ 5o j~ .g NBB~     .g j~ =M7>           .g   NBB~         4i
       1I}^      Ry 1I}^    LJ Ry 1I}^     Ry LJ                Ry   1I}^



      ^*                           ^*                         ?Kr    ^*
p3^ Y uT                           uT      Y                  KPu    uT
?"5 ? \&      uX      C]           \&      ?       k0]~       p^m C] \&
kth K W3 Q< f pk Q<   _4 Nd/r f )& W3 Q< f K Q<    soi% )& Q< \M0 _4 W3
      wb 1V   Fa 1V b uA           wb 1V     1V +N W<JI    1V h70 uA wb
         it   5W it   Qi              it     it Iy i.ED    it     Qi
         .g   4i .g   5o              .g     .g j~ =M7>    .g     5o
         Ry      Ry                   Ry     Ry LJ         Ry














                                             Y                    Y                           Uu
                                             + Y                  +                    EGI    Os
          C]                  k0]~           N ?       k0]~       N           uX       8]c    0J
     )4=y _4 ty5 =_4 )& Q<    soi% Nd/r )4=y P K Q<    soi% )& Q< P )4=y Nd/r pk    Q< v-4 )& \= Nd/r
,Lnj ud5' uA (ie eKV    1V +N W<JI      ud5' x   1V +N W<JI    1V x ud5'      Fa +N 1V        gL
     sS^! Qi hNu O1o    it Iy i.ED      sS^!     it Iy i.ED    it   sS^!      5W Iy it
     NBB~ 5o fdW        .g j~ =M7>      NBB~     .g j~ =M7>    .g   NBB~      4i j~ .g
     1I}^    B5H        Ry LJ           1I}^     Ry LJ         Ry   1I}^         LJ Ry



       Uu            Uu                                                   ^*
       Os            Os Y                                                 uT
0 k0]~ 0J            0J ?                              k0]~ C]      vy    \&
^ soi% \=    Q<      \= K Q< )& =_4 )& Nd/r Q<   )& Q< soi% _4 Nd/r p' )& W3
. W<JI gL +N 1V Qzh> gL   1V    eKV         1V b    1V W<JI uA      Pj    wb
k i.ED    Iy it lX1N      it    O1o         it      it i.ED Qi
  =M7>    j~ .g T|fJ      .g                .g      .g =M7> 5o
          LJ Ry Ob,7      Ry                Ry      Ry


{)T
9^j    Uu                                                     ^*
(s^    Os                             Y                       uT         Y
S~_    0J                             ?             k0]~   vy \&         ?
'[u )& \= Nd/r Q<    )4=y Q<   Nd/r f K     Q<      soi% f p' W3 Nd/r )& K
       gL      1V +N ud5' 1V b          bN7 1V Qzh> W<JI   Pj wb
               it Iy sS^! it                it lX1N i.ED
               .g j~ NBB~ .g                .g T|fJ =M7>
               Ry LJ 1I}^ Ry                Ry Ob,7



                               Y              ^*
    Y                          +              uT
    ?               k0]~       N           vy \&
s5_ K    )4=y Q<    soi% )& Q< P )4=y Nd/r p' W3
y"S   +N ud5' 1V +N W<JI    1V x ud5'      Pj wb
      Iy sS^! it Iy i.ED    it   sS^!
      j~ NBB~ .g j~ =M7>    .g   NBB~
      LJ 1I}^ Ry LJ         Ry   1I}^













{)T
9^j                              Uu                    ?Kr         Uu
(s^                              Os       Y   Y        KPu         Os
S~_                 k0]~         0J       ?   ?        p^m         0J
'[u )4=y Nd/r Q<    soi% Nd/r )& \=    )& K f K ty5 Q< \M0    Q<   \=
    ud5'      1V +N W<JI         gL +N          (ie 1V h70 >+ 1V b gL b >+
    sS^!      it Iy i.ED            Iy          hNu it        it
    NBB~      .g j~ =M7>            j~          fdW .g        .g
    1I}^      Ry LJ                 LJ          B5H Ry        Ry



                        Uu   ^*           Uu ?Kr    ^*
     Y             Y    Os Y uT       Y Y Os KPu    uT
pF3< ?             ?    0J ? \&    C] ? ? 0J p^m    \&
1>|S K   )4=y Nd/r K Q< \= K W3 Q< _4 K K \= \M0 )& W3
7Z\D   b ud5'        1V gL   wb 1V uA     gL h70    wb
[a(o     sS^!        it         it Qi
         NBB~        .g         .g 5o
         1I}^        Ry         Ry



                Uu               Y                                                   ^*
                Os   Y           +                                                   uT
          C]    0J   ?           N              k0]~       k0]~         vy           \&
     )4=y _4 Q< \= f K ty5    Q< P )4=y Nd/r    soi% Q<    soi% )& Q<   p' )4=y )4=y W3
,Lnj ud5' uA 1V gL     (ie +N 1V x ud5'      +N W<JI 1V +N W<JI    1V b Pj ud5' ud5' wb
     sS^! Qi it        hNu Iy it   sS^!      Iy i.ED it Iy i.ED    it      sS^! sS^!
     NBB~ 5o .g        fdW j~ .g   NBB~      j~ =M7> .g j~ =M7>    .g      NBB~ NBB~
     1I}^    Ry        B5H LJ Ry   1I}^      LJ      Ry LJ         Ry      1I}^ 1I}^



       Uu
       Os               Y         Y                                Y
0 k0]~ 0J            C] ? uX      ?            C]                  ? uX
^ soi% \=    Q< Nd/r _4 K pk Q< f K Q<    )4=y _4 Nd/r Q< =_4 )& f K pk
. W<JI gL +N 1V      uA   Fa 1V     1V >+ ud5' uA      1V eKV        Fa
k i.ED    Iy it      Qi   5W it     it    sS^! Qi      it O1o        5W
  =M7>    j~ .g      5o   4i .g     .g    NBB~ 5o      .g            4i
          LJ Ry              Ry     Ry    1I}^         Ry














       Y    ?Kr                 ^*                CU],        Y
       +    KPu                 uT                k%hw Y      +
       N    p^m C]      k0]~    \&                R.>> ?      N
6 )4=y P Q< \M0 _4      soi% Q< W3 )4=y Q< s5_ Q< o>}v K )4=y P
| ud5' x 1V h70 uA Qzh> W<JI 1V wb ud5' 1V y"S 1V        ud5' x
| sS^!   it     Qi lX1N i.ED it    sS^! it     it        sS^!
  NBB~   .g     5o T|fJ =M7> .g    NBB~ .g     .g        NBB~
  1I}^   Ry        Ob,7      Ry    1I}^ Ry     Ry        1I}^



             Uu    CU],
             Os    k%hw                       EGI               Y
0            0J vy R.>>         C]            8]c       C]      ?
^ )4=y Q<    \= p' o>}v Q< )4=y _4    Q< )4=y v-4 Q<    _4 Nd/r K
. ud5' 1V +N gL Pj      1V ud5' uA +N 1V ud5'     1V +N uA        B
k sS^! it Iy            it sS^! Qi Iy it sS^!     it Iy Qi        n
  NBB~ .g j~            .g NBB~ 5o j~ .g NBB~     .g j~ 5o        s
  1I}^ Ry LJ            Ry 1I}^    LJ Ry 1I}^     Ry LJ           l
                                                                  "


                ?Kr                     Uu               Uu               ?Kr
                KPu                     Os               Os               KPu               Y
          C]    p^m       k0]~       uX 0J          k0]~ 0J               p^m            C] ?
     )4=y _4 Q< \M0 f     soi%    Q< pk \=    Q<    soi% \=    Q< s5_ ty5 \M0 Q<    )4=y _4 K
,Lnj ud5' uA 1V h70   bN7 W<JI +N 1V Fa gL >+ 1V +N W<JI gL +N 1V y"S (ie h70 1V >+ ud5' uA   bN7
     sS^! Qi it           i.ED Iy it 5W       it Iy i.ED    Iy it     hNu     it    sS^! Qi
     NBB~ 5o .g           =M7> j~ .g 4i       .g j~ =M7>    j~ .g     fdW     .g    NBB~ 5o
     1I}^    Ry                LJ Ry          Ry LJ         LJ Ry     B5H     Ry    1I}^



                ?Kr                     Uu               ?Kr               Uu           ^*
                KPu                     Os               KPu       Y       Os      Y    uT
          C]    p^m       k0]~       uX 0J               p^m    C] ? vy    0J      ?    \&
     )4=y _4 Q< \M0 f     soi%    Q< pk \=    Q< s5_ ty5 \M0 Q< _4 K p' )& \= Nd/r K )& W3
,Lnj ud5' uA 1V h70   bN7 W<JI +N 1V Fa gL >+ 1V y"S (ie h70 1V uA   Pj    gL           wb
     sS^! Qi it           i.ED Iy it 5W       it     hNu     it Qi
     NBB~ 5o .g           =M7> j~ .g 4i       .g     fdW     .g 5o
     1I}^    Ry                LJ Ry          Ry     B5H     Ry













TM
B3                                                                              CU],        Y
E%                                            Y                 Y               k%hw Y      +
YF C]          k0]~                uX         ?          k0]~   ?               R.>> ?      N
s- _4    Q<    soi% )& Nd/r )& ty5 pk Q< )4=y K )& Q<    soi% f K     Q< s5_ Q< o>}v K )4=y P
   uA +N 1V +N W<JI            (ie Fa 1V ud5'      1V +N W<JI     bN7 1V y"S 1V        ud5' x
   Qi Iy it Iy i.ED            hNu 5W it sS^!      it Iy i.ED         it     it        sS^!
   5o j~ .g j~ =M7>            fdW 4i .g NBB~      .g j~ =M7>         .g     .g        NBB~
      LJ Ry LJ                 B5H    Ry 1I}^      Ry LJ              Ry     Ry        1I}^



                                   ?Kr                                        Uu
                                   KPu               Y                        Os Y
0 k0]~      C]     k0]~            p^m            C] ?                   k0]~ 0J ?            C]
^ soi% )4=y _4     soi% Q< s5_ ty5 \M0 Q<    )4=y _4 K     )& Nd/r Q<    soi% \= K Q<    )4=y _4
. W<JI ud5' uA bN7 W<JI 1V y"S (ie h70 1V >+ ud5' uA   bN7         1V +N W<JI gL   1V >+ ud5' uA
k i.ED sS^! Qi     i.ED it     hNu     it    sS^! Qi               it Iy i.ED      it    sS^! Qi
  =M7> NBB~ 5o     =M7> .g     fdW     .g    NBB~ 5o               .g j~ =M7>      .g    NBB~ 5o
       1I}^             Ry     B5H     Ry    1I}^                  Ry LJ           Ry    1I}^



       Uu                                         Y            ^*
       Os                 Y    bG>                +            uT    Y
0 k0]~ 0J                 ?    Y=0    uX C] uX    N      C] vy \&    ?
^ soi% \=    Q< )& =_4 )& K Q< .xq )& pk _4 pk Q< P )4=y _4 p' W3 Q< K )& =_4 )& Nd/r
. W<JI gL +N 1V    eKV      1V ss9    Fa uA Fa 1V x ud5' uA Pj wb 1V      eKV
k i.ED    Iy it    O1o      it        5W Qi 5W it   sS^! Qi       it      O1o
  =M7>    j~ .g             .g        4i 5o 4i .g   NBB~ 5o       .g
          LJ Ry             Ry                 Ry   1I}^          Ry


{)T
9^j                           Y      Uu                     ^*
(s^                           +      Os                     uT
S~_                           N k0]~ 0J               C]    \&
'[u )4=y Nd/r     f =_4 )& Q< P soi% \=    Q<    )4=y _4 Q< W3 )4=y
    ud5'      bN7   eKV    1V x W<JI gL +N 1V >+ ud5' uA 1V wb ud5'
    sS^!            O1o    it   i.ED    Iy it    sS^! Qi it    sS^!
    NBB~                   .g   =M7>    j~ .g    NBB~ 5o .g    NBB~
    1I}^                   Ry           LJ Ry    1I}^    Ry    1I}^














           ?Kr       Uu    CU],
           KPu       Os    k%hw                       Y       cjf<                    Y
           p^m       0J uX R.>>            C]         ?       %RuY C]    uX           ?
] )&    Q< \M0 )& Q< \= pk o>}v Q<    )4=y _4 Q< )4=y K )& Q< &HJ[ _4 )& pk    f )4=y K
c    +N 1V h70    1V gL Fa      1V >+ ud5' uA 1V ud5'      1V PCkj uA    Fa +N   ud5'
     Iy it        it    5W      it    sS^! Qi it sS^!      it      Qi    5W Iy   sS^!
     j~ .g        .g    4i      .g    NBB~ 5o .g NBB~      .g      5o    4i j~   NBB~
     LJ Ry        Ry            Ry    1I}^    Ry 1I}^      Ry               LJ   1I}^



                             ?Kr                         Uu                     ^*
                             KPu      Y                  Os                     uT
    uX            C]         p^m      ?             k0]~ 0J                     \&
s5_ pk Q<    )4=y _4 Nd/r Q< \M0 )4=y K )&    Q<    soi% \=    Q<     )4=y )4=y W3
y"S Fa 1V >+ ud5' uA      1V h70 ud5'      >+ 1V +N W<JI gL +N 1V bN7 ud5' ud5' wb B
    5W it    sS^! Qi      it     sS^!         it Iy i.ED    Iy it     sS^! sS^!    n
    4i .g    NBB~ 5o      .g     NBB~         .g j~ =M7>    j~ .g     NBB~ NBB~    s
       Ry    1I}^         Ry     1I}^         Ry LJ         LJ Ry     1I}^ 1I}^    l
                                                                                   "



                                               EGI                        Y
     vy vy              C]               C]    8]c                        ?    uX uX
   f p' p' Q< f    Q<   _4    Q<    )4=y _4 Q< v-4 )4=y Nd/r     f =_4 )& K )& pk pk
d-   Pj Pj 1V   +N 1V b uA >+ 1V >+ ud5' uA 1V     ud5'      bN7   eKV         Fa Fa B
HJ         it   Iy it   Qi    it    sS^! Qi it     sS^!            O1o         5W 5W n
x=         .g   j~ .g   5o    .g    NBB~ 5o .g     NBB~                        4i 4i s
           Ry   LJ Ry         Ry    1I}^    Ry     1I}^                              l
                                                                                     "


                                    CU],            Uu                               ^*
                                  Y k%hw            Os                               uT
                  C]       k0]~   ? R.>>       k0]~ 0J                         C] vy \&
\ )4=y Q<    )4=y _4 Q<    soi% f K o>}v Q<    soi% \=    Q< f    Q<      )4=y _4 p' W3
e ud5' 1V >+ ud5' uA 1V +N W<JI          1V +N W<JI gL +N 1V   +N 1V Qzh> ud5' uA Pj wb B
\ sS^! it    sS^! Qi it Iy i.ED          it Iy i.ED    Iy it   Iy it lX1N sS^! Qi       n
  NBB~ .g    NBB~ 5o .g j~ =M7>          .g j~ =M7>    j~ .g   j~ .g T|fJ NBB~ 5o       s
  1I}^ Ry    1I}^    Ry LJ               Ry LJ         LJ Ry   LJ Ry Ob,7 1I}^          l
                                                                                        "













                   CU],                  Y                    ^*
                 Y k%hw                  +            EGI   Y uT
          k0]~   ? R.>>            C]    N   vy vy    8]c   ? \&
s5_ Q<    soi% f K o>}v Q<    )4=y _4 Q< P f p' p' Q< v-4 f K W3
y"S 1V +N W<JI          1V >+ ud5' uA 1V x   Pj Pj 1V         wb
    it Iy i.ED          it    sS^! Qi it           it
    .g j~ =M7>          .g    NBB~ 5o .g           .g
    Ry LJ               Ry    1I}^    Ry           Ry



                                   ^*    Uu               Uu CU],
           Y                       uT    Os               Os k%hw
   k0]~    ?            C]         \&    0J    k0]~       0J R.>>    uX         uX            vy vy
   soi% )& K Q<    )4=y _4 Nd/r Q< W3 )& \=    soi% Q<    \= o>}v )& pk Q< f    pk Q<    )4=y p' p'
d- W<JI      1V >+ ud5' uA      1V wb    gL +N W<JI 1V +N gL         Fa 1V   +N Fa 1V +N ud5' Pj Pj
HJ i.ED      it    sS^! Qi      it          Iy i.ED it Iy            5W it   Iy 5W it Iy sS^!
x= =M7>      .g    NBB~ 5o      .g          j~ =M7> .g j~            4i .g   j~ 4i .g j~ NBB~
             Ry    1I}^         Ry          LJ      Ry LJ               Ry   LJ    Ry LJ 1I}^



                           ?Kr                               ?Kr Uu ^*
p3^                        KPu      Y                        KPu Os uT
?"5 vy vy       k0]~       p^m      ?                  C]    p^m 0J \&
kth p' p' Q<    soi% )& Q< \M0 )4=y K )&    Q<    )4=y _4 Q< \M0 \= W3 )&
    Pj Pj 1V +N W<JI    1V h70 ud5'      >+ 1V >+ ud5' uA 1V h70 gL wb
          it Iy i.ED    it     sS^!         it    sS^! Qi it
          .g j~ =M7>    .g     NBB~         .g    NBB~ 5o .g
          Ry LJ         Ry     1I}^         Ry    1I}^    Ry



                                               Uu      CU],
              Y                                Os      k%hw
     vy vy    ?                     C]         0J      R.>>            C]         uX      C] vy
   f p' p' Q< K )& =_4 )& Nd/r Q<   _4    Q<   \=      o>}v Q<    )4=y _4 Nd/r Q< pk )4=y _4 p'
d-   Pj Pj 1V      eKV         1V b uA >+ 1V b gL Qzh>      1V >+ ud5' uA      1V Fa ud5' uA Pj
HJ         it      O1o         it   Qi    it      lX1N      it    sS^! Qi      it 5W sS^! Qi
x=         .g                  .g   5o    .g      T|fJ      .g    NBB~ 5o      .g 4i NBB~ 5o
           Ry                  Ry         Ry      Ob,7      Ry    1I}^         Ry    1I}^














      ^*                                       Uu                     ^*
p3^ Y uT                                       Os                     uT
?"5 ? \&           k0]~                   k0]~ 0J               C]    \&
kth K W3 Q< s5_ Q< soi% )4=y q=^ )& Q<    soi% \=    Q<    )4=y _4 Q< W3 f )&
      wb 1V y"S 1V W<JI ud5' %~B    1V +N W<JI gL +N 1V >+ ud5' uA 1V wb
         it     it i.ED sS^! 9>x    it Iy i.ED    Iy it    sS^! Qi it
         .g     .g =M7> NBB~ &g*    .g j~ =M7>    j~ .g    NBB~ 5o .g
         Ry     Ry      1I}^        Ry LJ         LJ Ry    1I}^    Ry



      ^*                       ^*    Uu            Y                      ?Kr
p3^ Y uT                       uT    Os            +                      KPu                    Y
?"5 ? \&            C]         \&    0J    k0]~    N   vy vy              p^m       uX           ?
kth K W3 Q<    )4=y _4 Nd/r Q< W3 )& \=    soi% Q< P f p' p' Q<      )4=y \M0 )& Q< pk )4=y )4=y K
      wb 1V >+ ud5' uA      1V wb    gL +N W<JI 1V x   Pj Pj 1V Qzh> ud5' h70    1V Fa ud5' ud5'
         it    sS^! Qi      it          Iy i.ED it           it lX1N sS^!        it 5W sS^! sS^!
         .g    NBB~ 5o      .g          j~ =M7> .g           .g T|fJ NBB~        .g 4i NBB~ NBB~
         Ry    1I}^         Ry          LJ      Ry           Ry Ob,7 1I}^        Ry    1I}^ 1I}^



                                     Y                            Uu    CU],
                 EGI                 +                            Os    k%hw
        vy vy    8]c      vy vy      N            C]              0J uX R.>>
s5_ ty5 p' p' Q< v-4 )4=y p' p' )4=y P Q<    )4=y _4 Nd/r Q<      \= pk o>}v )&
y"S (ie Pj Pj 1V     ud5' Pj Pj ud5' x 1V >+ ud5' uA      1V Qzh> gL Fa         +N
    hNu       it     sS^!       sS^!   it    sS^! Qi      it lX1N    5W         Iy
    fdW       .g     NBB~       NBB~   .g    NBB~ 5o      .g T|fJ    4i         j~
    B5H       Ry     1I}^       1I}^   Ry    1I}^         Ry Ob,7               LJ



Xmyc      Uu        Uu          Uu
1wap Y    Os        Os          Os EGI            Y           Y
SW|6 ?    0J        0J vy       0J 8]c            ?           ?
Y{dF K Q< \= Q< q=^ \= p' )& Q< \= v-4    )& Nd/r K )4=y )4=y K
o%g-   1V gL 1V %~B gL Pj    1V gL     +N           ud5' ud5'
       it    it 9>x          it        Iy           sS^! sS^!
       .g    .g &g*          .g        j~           NBB~ NBB~
       Ry    Ry              Ry        LJ           1I}^ 1I}^














                 Y Uu                 Y                                                   Y            ^*
                 + Os                 +                                                   +            uT
        vy vy    N 0J         k0]~    N k0]~   vy               C]                vy      N            \&
s5_ ty5 p' p' Q< P \=         soi% Q< P soi% f p' )& Q<    )4=y _4 ty5 Nd/r )& Q< p' )4=y P )& Nd/r )& W3
y"S (ie Pj Pj 1V x gL +N Qzh> W<JI 1V x W<JI   Pj    1V >+ ud5' uA (ie         1V Pj ud5' x            wb
    hNu       it      Iy lX1N i.ED it   i.ED         it    sS^! Qi hNu         it    sS^!
    fdW       .g      j~ T|fJ =M7> .g   =M7>         .g    NBB~ 5o fdW         .g    NBB~
    B5H       Ry      LJ Ob,7      Ry                Ry    1I}^    B5H         Ry    1I}^



       Y                                    ^*    Uu              ^*
       + Y                                  uT    Os              uT
       N ?                       C]         \&    0J    k0]~      \&
\ )4=y P K Q<    )4=y Q<    )4=y _4 Nd/r Q< W3 )& \=    soi%   )& W3
e ud5' x   1V +N ud5' 1V >+ ud5' uA      1V wb    gL +N W<JI b    wb
\ sS^!     it Iy sS^! it    sS^! Qi      it          Iy i.ED
  NBB~     .g j~ NBB~ .g    NBB~ 5o      .g          j~ =M7>
  1I}^     Ry LJ 1I}^ Ry    1I}^         Ry          LJ



      ^*                           Uu   ^*                                                    Uu
p3^ Y uT                           Os Y uT                                                    Os
?"5 ? \&            vy vy    uX    0J ? \&                                C]                  0J
kth K W3 Q< s5_ ty5 p' p' Q< pk    \= K W3 Q< )4=y =_4 )& Nd/r Q<    )4=y _4 Nd/r Q<     Nd/r \= =_4 )&
      wb 1V y"S (ie Pj Pj 1V Fa +N gL   wb 1V ud5' eKV         1V >+ ud5' uA      1V bN7      gL eKV
         it     hNu       it 5W Iy         it sS^! O1o         it    sS^! Qi      it             O1o
         .g     fdW       .g 4i j~         .g NBB~             .g    NBB~ 5o      .g
         Ry     B5H       Ry    LJ         Ry 1I}^             Ry    1I}^         Ry



                      ?Kr                             Uu                                 ^*    Uu ^*
                      KPu                             Os                                 uT    Os uT
    0   vy            p^m    uX C]               k0]~ 0J               C]                \&    0J \&
ty5 ^ f p' Q< s5_ ty5 \M0 Q< pk _4 Nd/r )& Q<    soi% \=    Q<    )4=y _4 ty5 Nd/r )& Q< W3 )& \= W3
(ie .   Pj 1V y"S (ie h70 1V Fa uA         1V +N W<JI gL +N 1V >+ ud5' uA (ie         1V wb    gL wb
hNu k      it     hNu     it 5W Qi         it Iy i.ED    Iy it    sS^! Qi hNu         it
fdW        .g     fdW     .g 4i 5o         .g j~ =M7>    j~ .g    NBB~ 5o fdW         .g
B5H        Ry     B5H     Ry               Ry LJ         LJ Ry    1I}^    B5H         Ry

